Archive member included to satisfy reference by file (symbol)

c:/program files (x86)/atmel/studio/7.0/toolchain/avr8/avr8-gnu-toolchain/bin/../lib/gcc/avr/5.4.0/../../../../avr/lib/avr5\libm.a(addsf3.o)
                              HardwareLib/ImpedanceMultiSensingCircuit.o (__subsf3)
c:/program files (x86)/atmel/studio/7.0/toolchain/avr8/avr8-gnu-toolchain/bin/../lib/gcc/avr/5.4.0/../../../../avr/lib/avr5\libm.a(addsf3x.o)
                              c:/program files (x86)/atmel/studio/7.0/toolchain/avr8/avr8-gnu-toolchain/bin/../lib/gcc/avr/5.4.0/../../../../avr/lib/avr5\libm.a(addsf3.o) (__addsf3x)
c:/program files (x86)/atmel/studio/7.0/toolchain/avr8/avr8-gnu-toolchain/bin/../lib/gcc/avr/5.4.0/../../../../avr/lib/avr5\libm.a(cmpsf2.o)
                              Sketch.o (__ltsf2)
c:/program files (x86)/atmel/studio/7.0/toolchain/avr8/avr8-gnu-toolchain/bin/../lib/gcc/avr/5.4.0/../../../../avr/lib/avr5\libm.a(divsf3.o)
                              HardwareLib/AD5933s.o (__divsf3)
c:/program files (x86)/atmel/studio/7.0/toolchain/avr8/avr8-gnu-toolchain/bin/../lib/gcc/avr/5.4.0/../../../../avr/lib/avr5\libm.a(divsf3x.o)
                              c:/program files (x86)/atmel/studio/7.0/toolchain/avr8/avr8-gnu-toolchain/bin/../lib/gcc/avr/5.4.0/../../../../avr/lib/avr5\libm.a(divsf3.o) (__divsf3x)
c:/program files (x86)/atmel/studio/7.0/toolchain/avr8/avr8-gnu-toolchain/bin/../lib/gcc/avr/5.4.0/../../../../avr/lib/avr5\libm.a(fixsfsi.o)
                              HardwareLib/AD5933s.o (__fixsfsi)
c:/program files (x86)/atmel/studio/7.0/toolchain/avr8/avr8-gnu-toolchain/bin/../lib/gcc/avr/5.4.0/../../../../avr/lib/avr5\libm.a(fixunssfsi.o)
                              c:/program files (x86)/atmel/studio/7.0/toolchain/avr8/avr8-gnu-toolchain/bin/../lib/gcc/avr/5.4.0/../../../../avr/lib/avr5\libm.a(fixsfsi.o) (__fixunssfsi)
c:/program files (x86)/atmel/studio/7.0/toolchain/avr8/avr8-gnu-toolchain/bin/../lib/gcc/avr/5.4.0/../../../../avr/lib/avr5\libm.a(floatsisf.o)
                              HardwareLib/AD5933s.o (__floatunsisf)
c:/program files (x86)/atmel/studio/7.0/toolchain/avr8/avr8-gnu-toolchain/bin/../lib/gcc/avr/5.4.0/../../../../avr/lib/avr5\libm.a(fp_cmp.o)
                              c:/program files (x86)/atmel/studio/7.0/toolchain/avr8/avr8-gnu-toolchain/bin/../lib/gcc/avr/5.4.0/../../../../avr/lib/avr5\libm.a(cmpsf2.o) (__fp_cmp)
c:/program files (x86)/atmel/studio/7.0/toolchain/avr8/avr8-gnu-toolchain/bin/../lib/gcc/avr/5.4.0/../../../../avr/lib/avr5\libm.a(fp_inf.o)
                              c:/program files (x86)/atmel/studio/7.0/toolchain/avr8/avr8-gnu-toolchain/bin/../lib/gcc/avr/5.4.0/../../../../avr/lib/avr5\libm.a(addsf3x.o) (__fp_inf)
c:/program files (x86)/atmel/studio/7.0/toolchain/avr8/avr8-gnu-toolchain/bin/../lib/gcc/avr/5.4.0/../../../../avr/lib/avr5\libm.a(fp_nan.o)
                              c:/program files (x86)/atmel/studio/7.0/toolchain/avr8/avr8-gnu-toolchain/bin/../lib/gcc/avr/5.4.0/../../../../avr/lib/avr5\libm.a(addsf3x.o) (__fp_nan)
c:/program files (x86)/atmel/studio/7.0/toolchain/avr8/avr8-gnu-toolchain/bin/../lib/gcc/avr/5.4.0/../../../../avr/lib/avr5\libm.a(fp_pscA.o)
                              c:/program files (x86)/atmel/studio/7.0/toolchain/avr8/avr8-gnu-toolchain/bin/../lib/gcc/avr/5.4.0/../../../../avr/lib/avr5\libm.a(addsf3x.o) (__fp_pscA)
c:/program files (x86)/atmel/studio/7.0/toolchain/avr8/avr8-gnu-toolchain/bin/../lib/gcc/avr/5.4.0/../../../../avr/lib/avr5\libm.a(fp_pscB.o)
                              c:/program files (x86)/atmel/studio/7.0/toolchain/avr8/avr8-gnu-toolchain/bin/../lib/gcc/avr/5.4.0/../../../../avr/lib/avr5\libm.a(addsf3x.o) (__fp_pscB)
c:/program files (x86)/atmel/studio/7.0/toolchain/avr8/avr8-gnu-toolchain/bin/../lib/gcc/avr/5.4.0/../../../../avr/lib/avr5\libm.a(fp_round.o)
                              c:/program files (x86)/atmel/studio/7.0/toolchain/avr8/avr8-gnu-toolchain/bin/../lib/gcc/avr/5.4.0/../../../../avr/lib/avr5\libm.a(addsf3.o) (__fp_round)
c:/program files (x86)/atmel/studio/7.0/toolchain/avr8/avr8-gnu-toolchain/bin/../lib/gcc/avr/5.4.0/../../../../avr/lib/avr5\libm.a(fp_split3.o)
                              c:/program files (x86)/atmel/studio/7.0/toolchain/avr8/avr8-gnu-toolchain/bin/../lib/gcc/avr/5.4.0/../../../../avr/lib/avr5\libm.a(addsf3x.o) (__fp_split3)
c:/program files (x86)/atmel/studio/7.0/toolchain/avr8/avr8-gnu-toolchain/bin/../lib/gcc/avr/5.4.0/../../../../avr/lib/avr5\libm.a(fp_zero.o)
                              c:/program files (x86)/atmel/studio/7.0/toolchain/avr8/avr8-gnu-toolchain/bin/../lib/gcc/avr/5.4.0/../../../../avr/lib/avr5\libm.a(addsf3x.o) (__fp_zero)
c:/program files (x86)/atmel/studio/7.0/toolchain/avr8/avr8-gnu-toolchain/bin/../lib/gcc/avr/5.4.0/../../../../avr/lib/avr5\libm.a(mulsf3.o)
                              HardwareLib/AD5933s.o (__mulsf3)
[...]
Memory Configuration

Name             Origin             Length             Attributes
text             0x00000000         0x00008000         xr
data             0x00800100         0x00000a00         rw !x
eeprom           0x00810000         0x00000400         rw !x
fuse             0x00820000         0x00000003         rw !x
lock             0x00830000         0x00000400         rw !x
signature        0x00840000         0x00000400         rw !x
user_signatures  0x00850000         0x00000400         rw !x
*default*        0x00000000         0xffffffff

Linker script and memory map

Address of section .data set to 0x800100
LOAD C:/Program Files (x86)/Atmel/Studio/7.0/Packs/atmel/ATmega_DFP/1.6.364/gcc/dev/atmega32u4/avr5/crtatmega32u4.o
LOAD HardwareLib/AD5933s.o
LOAD HardwareLib/ADG1606.o
LOAD HardwareLib/ImpedanceMultiSensingCircuit.o
LOAD HardwareLib/MCP23017.o
LOAD HardwareLib/MUX16_CIRCUIT.o
LOAD Sketch.o
START GROUP
LOAD c:/program files (x86)/atmel/studio/7.0/toolchain/avr8/avr8-gnu-toolchain/bin/../lib/gcc/avr/5.4.0/../../../../avr/lib/avr5\libm.a
LOAD C:\Users\p42164\ONEDRI~1\DISSDA~1\MEDUSA~1\Code\IMPEDA~2\EIT_AR~1\ARDUIN~1\Debug\libArduinoCore.a
END GROUP
LOAD c:/program files (x86)/atmel/studio/7.0/toolchain/avr8/avr8-gnu-toolchain/bin/../lib/gcc/avr/5.4.0/avr5\libgcc.a
LOAD c:/program files (x86)/atmel/studio/7.0/toolchain/avr8/avr8-gnu-toolchain/bin/../lib/gcc/avr/5.4.0/../../../../avr/lib/avr5\libm.a
START GROUP
LOAD c:/program files (x86)/atmel/studio/7.0/toolchain/avr8/avr8-gnu-toolchain/bin/../lib/gcc/avr/5.4.0/avr5\libgcc.a
LOAD c:/program files (x86)/atmel/studio/7.0/toolchain/avr8/avr8-gnu-toolchain/bin/../lib/gcc/avr/5.4.0/../../../../avr/lib/avr5\libm.a
LOAD c:/program files (x86)/atmel/studio/7.0/toolchain/avr8/avr8-gnu-toolchain/bin/../lib/gcc/avr/5.4.0/../../../../avr/lib/avr5\libc.a
LOAD C:/Program Files (x86)/Atmel/Studio/7.0/Packs/atmel/ATmega_DFP/1.6.364/gcc/dev/atmega32u4/avr5\libatmega32u4.a
END GROUP
                0x00000000                __TEXT_REGION_ORIGIN__ = DEFINED (__TEXT_REGION_ORIGIN__)?__TEXT_REGION_ORIGIN__:0x0
                [0x00800100]                __DATA_REGION_ORIGIN__ = DEFINED (__DATA_REGION_ORIGIN__)?__DATA_REGION_ORIGIN__:0x800060
                [0x00008000]                __TEXT_REGION_LENGTH__ = DEFINED (__TEXT_REGION_LENGTH__)?__TEXT_REGION_LENGTH__:0x20000
                [0x00000a00]                __DATA_REGION_LENGTH__ = DEFINED (__DATA_REGION_LENGTH__)?__DATA_REGION_LENGTH__:0xffa0
                [0x00000400]                __EEPROM_REGION_LENGTH__ = DEFINED (__EEPROM_REGION_LENGTH__)?__EEPROM_REGION_LENGTH__:0x10000
                [0x00000003]                __FUSE_REGION_LENGTH__ = DEFINED (__FUSE_REGION_LENGTH__)?__FUSE_REGION_LENGTH__:0x400
                0x00000400                __LOCK_REGION_LENGTH__ = DEFINED (__LOCK_REGION_LENGTH__)?__LOCK_REGION_LENGTH__:0x400
                0x00000400                __SIGNATURE_REGION_LENGTH__ = DEFINED (__SIGNATURE_REGION_LENGTH__)?__SIGNATURE_REGION_LENGTH__:0x400
                0x00000400                __USER_SIGNATURE_REGION_LENGTH__ = DEFINED (__USER_SIGNATURE_REGION_LENGTH__)?__USER_SIGNATURE_REGION_LENGTH__:0x400

.hash
 *(.hash)

.dynsym
 *(.dynsym)

.dynstr
 *(.dynstr)

.gnu.version
 *(.gnu.version)

.gnu.version_d
 *(.gnu.version_d)

.gnu.version_r
 *(.gnu.version_r)

.rel.init
 *(.rel.init)

.rela.init
 *(.rela.init)

.rel.text
 *(.rel.text)
 *(.rel.text.*)
 *(.rel.gnu.linkonce.t*)

.rela.text
 *(.rela.text)
 *(.rela.text.*)
 *(.rela.gnu.linkonce.t*)

.rel.fini
 *(.rel.fini)

.rela.fini
 *(.rela.fini)

.rel.rodata
 *(.rel.rodata)
 *(.rel.rodata.*)
 *(.rel.gnu.linkonce.r*)

.rela.rodata
 *(.rela.rodata)
 *(.rela.rodata.*)
 *(.rela.gnu.linkonce.r*)

.rel.data
 *(.rel.data)
 *(.rel.data.*)
 *(.rel.gnu.linkonce.d*)

.rela.data
 *(.rela.data)
 *(.rela.data.*)
 *(.rela.gnu.linkonce.d*)

.rel.ctors
 *(.rel.ctors)

.rela.ctors
 *(.rela.ctors)

.rel.dtors
 *(.rel.dtors)

.rela.dtors
 *(.rela.dtors)

.rel.got
 *(.rel.got)

.rela.got
 *(.rela.got)

.rel.bss
 *(.rel.bss)

.rela.bss
 *(.rela.bss)

.rel.plt
 *(.rel.plt)

.rela.plt
 *(.rela.plt)

.text           0x00000000     0x65da
 *(.vectors)
 .vectors       0x00000000       0xac C:/Program Files (x86)/Atmel/Studio/7.0/Packs/atmel/ATmega_DFP/1.6.364/gcc/dev/atmega32u4/avr5/crtatmega32u4.o
                0x00000000                __vector_default
                0x00000000                __vectors
 *(.vectors)
 *(.progmem.gcc*)
 .progmem.gcc_sw_table.turnOffPWM
                0x000000ac       0x1e C:\Users\p42164\ONEDRI~1\DISSDA~1\MEDUSA~1\Code\IMPEDA~2\EIT_AR~1\ARDUIN~1\Debug\libArduinoCore.a(wiring_digital.o)
                0x000000ca                . = ALIGN (0x2)
                0x000000ca                __trampolines_start = .
 *(.trampolines)
 .trampolines   0x000000ca        0x0 linker stubs
 *(.trampolines*)
                0x000000ca                __trampolines_end = .
 *libprintf_flt.a:*(.progmem.data)
 *libc.a:*(.progmem.data)
 *(.progmem*)
 .progmem.data._ZZ4loopE3__c_0
                0x000000ca        0x3 Sketch.o
 .progmem.data._ZZ4loopE3__c
                0x000000cd        0xf Sketch.o
 .progmem.data._ZZ5setupE3__c
                0x000000dc        0x6 Sketch.o
 .progmem.data._ZZ12testFunctionvE3__c_11
                0x000000e2        0xe Sketch.o
 .progmem.data._ZZ12testFunctionvE3__c_10
                0x000000f0       0x16 Sketch.o
 .progmem.data._ZZ12testFunctionvE3__c_9
                0x00000106       0x2c Sketch.o
 .progmem.data._ZZ12testFunctionvE3__c_8
                0x00000132       0x15 Sketch.o
 .progmem.data._ZZ12testFunctionvE3__c_7
                0x00000147       0x15 Sketch.o
 .progmem.data._ZZ12testFunctionvE3__c_6
                0x0000015c       0x15 Sketch.o
 .progmem.data._ZZ12testFunctionvE3__c_5
                0x00000171       0x15 Sketch.o
 .progmem.data._ZZ12testFunctionvE3__c_4
                0x00000186        0x9 Sketch.o
 .progmem.data._ZZ12testFunctionvE3__c_3
                0x0000018f        0x9 Sketch.o
 .progmem.data._ZZ12testFunctionvE3__c_2
                0x00000198       0x2c Sketch.o
 .progmem.data._ZZ12testFunctionvE3__c_1
                0x000001c4       0x10 Sketch.o
 .progmem.data._ZZ12testFunctionvE3__c_0
                0x000001d4       0x11 Sketch.o
 .progmem.data._ZZ12testFunctionvE3__c
                0x000001e5       0x2c Sketch.o
 .progmem.data._ZZ24updateCompensationValuesvE3__c_1
                0x00000211       0x12 Sketch.o
 .progmem.data._ZZ24updateCompensationValuesvE3__c_0
                0x00000223       0x1e Sketch.o
 .progmem.data._ZZ24updateCompensationValuesvE3__c
                0x00000241        0xf Sketch.o
 .progmem.data._ZZ16printStimPatternvE3__c_4
                0x00000250        0x2 Sketch.o
 .progmem.data._ZZ16printStimPatternvE3__c_3
                0x00000252        0x3 Sketch.o
 .progmem.data._ZZ16printStimPatternvE3__c_2
                0x00000255        0x3 Sketch.o
 .progmem.data._ZZ16printStimPatternvE3__c_1
                0x00000258        0x2 Sketch.o
 .progmem.data._ZZ16printStimPatternvE3__c_0
                0x0000025a        0x2 Sketch.o
 .progmem.data._ZZ16printStimPatternvE3__c
                0x0000025c        0x2 Sketch.o
 .progmem.data._ZZ16printMeasPatternvE3__c_6
                0x0000025e        0x2 Sketch.o
 .progmem.data._ZZ16printMeasPatternvE3__c_5
                0x00000260        0x3 Sketch.o
 .progmem.data._ZZ16printMeasPatternvE3__c_4
                0x00000263        0x3 Sketch.o
 .progmem.data._ZZ16printMeasPatternvE3__c_3
                0x00000266        0x3 Sketch.o
 .progmem.data._ZZ16printMeasPatternvE3__c_2
                0x00000269        0x3 Sketch.o
 .progmem.data._ZZ16printMeasPatternvE3__c_1
                0x0000026c        0x3 Sketch.o
 .progmem.data._ZZ16printMeasPatternvE3__c_0
                0x0000026f        0x2 Sketch.o
 .progmem.data._ZZ16printMeasPatternvE3__c
                0x00000271        0x2 Sketch.o
 .progmem.data._cdcInterface
                0x00000273       0x42 C:\Users\p42164\ONEDRI~1\DISSDA~1\MEDUSA~1\Code\IMPEDA~2\EIT_AR~1\ARDUIN~1\Debug\libArduinoCore.a(CDC.o)
                0x00000273                _cdcInterface
 .progmem.data.USB_DeviceDescriptorIAD
                0x000002b5       0x12 C:\Users\p42164\ONEDRI~1\DISSDA~1\MEDUSA~1\Code\IMPEDA~2\EIT_AR~1\ARDUIN~1\Debug\libArduinoCore.a(USBCore.o)
                0x000002b5                USB_DeviceDescriptorIAD
 .progmem.data.STRING_MANUFACTURER
                0x000002c7        0xc C:\Users\p42164\ONEDRI~1\DISSDA~1\MEDUSA~1\Code\IMPEDA~2\EIT_AR~1\ARDUIN~1\Debug\libArduinoCore.a(USBCore.o)
                0x000002c7                STRING_MANUFACTURER
 .progmem.data.STRING_PRODUCT
                0x000002d3       0x11 C:\Users\p42164\ONEDRI~1\DISSDA~1\MEDUSA~1\Code\IMPEDA~2\EIT_AR~1\ARDUIN~1\Debug\libArduinoCore.a(USBCore.o)
                0x000002d3                STRING_PRODUCT
 .progmem.data.STRING_LANGUAGE
                0x000002e4        0x4 C:\Users\p42164\ONEDRI~1\DISSDA~1\MEDUSA~1\Code\IMPEDA~2\EIT_AR~1\ARDUIN~1\Debug\libArduinoCore.a(USBCore.o)
                0x000002e4                STRING_LANGUAGE
 .progmem.data.digital_pin_to_timer_PGM
                0x000002e8       0x1f C:\Users\p42164\ONEDRI~1\DISSDA~1\MEDUSA~1\Code\IMPEDA~2\EIT_AR~1\ARDUIN~1\Debug\libArduinoCore.a(wiring_digital.o)
                0x000002e8                digital_pin_to_timer_PGM
 .progmem.data.digital_pin_to_bit_mask_PGM
                0x00000307       0x1f C:\Users\p42164\ONEDRI~1\DISSDA~1\MEDUSA~1\Code\IMPEDA~2\EIT_AR~1\ARDUIN~1\Debug\libArduinoCore.a(wiring_digital.o)
                0x00000307                digital_pin_to_bit_mask_PGM
 .progmem.data.digital_pin_to_port_PGM
                0x00000326       0x1f C:\Users\p42164\ONEDRI~1\DISSDA~1\MEDUSA~1\Code\IMPEDA~2\EIT_AR~1\ARDUIN~1\Debug\libArduinoCore.a(wiring_digital.o)
                0x00000326                digital_pin_to_port_PGM
 .progmem.data.port_to_input_PGM
                0x00000345        0xe C:\Users\p42164\ONEDRI~1\DISSDA~1\MEDUSA~1\Code\IMPEDA~2\EIT_AR~1\ARDUIN~1\Debug\libArduinoCore.a(wiring_digital.o)
                0x00000345                port_to_input_PGM
 .progmem.data.port_to_output_PGM
                0x00000353        0xe C:\Users\p42164\ONEDRI~1\DISSDA~1\MEDUSA~1\Code\IMPEDA~2\EIT_AR~1\ARDUIN~1\Debug\libArduinoCore.a(wiring_digital.o)
                0x00000353                port_to_output_PGM
 .progmem.data.port_to_mode_PGM
                0x00000361        0xe C:\Users\p42164\ONEDRI~1\DISSDA~1\MEDUSA~1\Code\IMPEDA~2\EIT_AR~1\ARDUIN~1\Debug\libArduinoCore.a(wiring_digital.o)
                0x00000361                port_to_mode_PGM
                0x00000370                . = ALIGN (0x2)
 *fill*         0x0000036f        0x1 
 *(.jumptables)
 *(.jumptables*)
 *(.lowtext)
 *(.lowtext*)
                0x00000370                __ctors_start = .
 *(.ctors)
 .ctors         0x00000370        0x2 C:\Users\p42164\ONEDRI~1\DISSDA~1\MEDUSA~1\Code\IMPEDA~2\EIT_AR~1\ARDUIN~1\Debug\libArduinoCore.a(CDC.o)
 .ctors         0x00000372        0x2 C:\Users\p42164\ONEDRI~1\DISSDA~1\MEDUSA~1\Code\IMPEDA~2\EIT_AR~1\ARDUIN~1\Debug\libArduinoCore.a(Wire.o)
                0x00000374                __ctors_end = .
                0x00000374                __dtors_start = .
 *(.dtors)
                0x00000374                __dtors_end = .
 SORT(*)(.ctors)
 SORT(*)(.dtors)
 *(.init0)
 .init0         0x00000374        0x0 C:/Program Files (x86)/Atmel/Studio/7.0/Packs/atmel/ATmega_DFP/1.6.364/gcc/dev/atmega32u4/avr5/crtatmega32u4.o
                0x00000374                __init
 *(.init0)
 *(.init1)
 *(.init1)
 *(.init2)
 .init2         0x00000374        0xc C:/Program Files (x86)/Atmel/Studio/7.0/Packs/atmel/ATmega_DFP/1.6.364/gcc/dev/atmega32u4/avr5/crtatmega32u4.o
 *(.init2)
 *(.init3)
 *(.init3)
 *(.init4)
 .init4         0x00000380       0x16 c:/program files (x86)/atmel/studio/7.0/toolchain/avr8/avr8-gnu-toolchain/bin/../lib/gcc/avr/5.4.0/avr5\libgcc.a(_copy_data.o)
                0x00000380                __do_copy_data
 .init4         0x00000396       0x10 c:/program files (x86)/atmel/studio/7.0/toolchain/avr8/avr8-gnu-toolchain/bin/../lib/gcc/avr/5.4.0/avr5\libgcc.a(_clear_bss.o)
                0x00000396                __do_clear_bss
 *(.init4)
 *(.init5)
 *(.init5)
 *(.init6)
 .init6         0x000003a6       0x16 c:/program files (x86)/atmel/studio/7.0/toolchain/avr8/avr8-gnu-toolchain/bin/../lib/gcc/avr/5.4.0/avr5\libgcc.a(_ctors.o)
                0x000003a6                __do_global_ctors
 *(.init6)
 *(.init7)
 *(.init7)
 *(.init8)
 *(.init8)
 *(.init9)
 .init9         0x000003bc        0x8 C:/Program Files (x86)/Atmel/Studio/7.0/Packs/atmel/ATmega_DFP/1.6.364/gcc/dev/atmega32u4/avr5/crtatmega32u4.o
 *(.init9)
 *(.text)
 .text          0x000003c4        0x4 C:/Program Files (x86)/Atmel/Studio/7.0/Packs/atmel/ATmega_DFP/1.6.364/gcc/dev/atmega32u4/avr5/crtatmega32u4.o
                0x000003c4                __vector_38
                0x000003c4                __vector_22
                0x000003c4                __vector_28
                0x000003c4                __vector_1
                0x000003c4                __vector_32
                0x000003c4                __vector_34
                0x000003c4                __vector_24
                0x000003c4                __vector_12
                0x000003c4                __bad_interrupt
                0x000003c4                __vector_6
                0x000003c4                __vector_31
                0x000003c4                __vector_35
                0x000003c4                __vector_39
                0x000003c4                __vector_3
                0x000003c4                __vector_30
                0x000003c4                __vector_25
                0x000003c4                __vector_13
                0x000003c4                __vector_17
                0x000003c4                __vector_19
                0x000003c4                __vector_7
                0x000003c4                __vector_41
                0x000003c4                __vector_27
                0x000003c4                __vector_5
                0x000003c4                __vector_33
                0x000003c4                __vector_37
                0x000003c4                __vector_4
                0x000003c4                __vector_9
                0x000003c4                __vector_2
                0x000003c4                __vector_21
                0x000003c4                __vector_15
                0x000003c4                __vector_29
                0x000003c4                __vector_40
                0x000003c4                __vector_8
                0x000003c4                __vector_26
                0x000003c4                __vector_14
                0x000003c4                __vector_16
                0x000003c4                __vector_18
                0x000003c4                __vector_20
                0x000003c4                __vector_42
                0x000003c8                . = ALIGN (0x2)
 *(.text.*)
 .text._ZN7AD5933s8sendByteEhh
                0x000003c8       0x3e HardwareLib/AD5933s.o
                0x000003c8                _ZN7AD5933s8sendByteEhh
 .text._ZN7AD5933s14setClockSourceEh
                0x00000406       0x18 HardwareLib/AD5933s.o
                0x00000406                _ZN7AD5933s14setClockSourceEh
 .text._ZN7AD5933s17setStartFrequencyEm
                0x0000041e       0x7e HardwareLib/AD5933s.o
                0x0000041e                _ZN7AD5933s17setStartFrequencyEm
 .text._ZN7AD5933s21setIncrementFrequencyEm
                0x0000049c       0x7e HardwareLib/AD5933s.o
                0x0000049c                _ZN7AD5933s21setIncrementFrequencyEm
 .text._ZN7AD5933s19setNumberIncrementsEj
                0x0000051a       0x2e HardwareLib/AD5933s.o
                0x0000051a                _ZN7AD5933s19setNumberIncrementsEj
 .text._ZN7AD5933s21setSettlingTimeCyclesEj
                0x00000548       0x5a HardwareLib/AD5933s.o
                0x00000548                _ZN7AD5933s21setSettlingTimeCyclesEj
 .text._ZN7AD5933s16setInternalClockEb
                0x000005a2       0x12 HardwareLib/AD5933s.o
                0x000005a2                _ZN7AD5933s16setInternalClockEb
 .text._ZN7AD5933s7getByteEhPh
                0x000005b4       0x76 HardwareLib/AD5933s.o
                0x000005b4                _ZN7AD5933s7getByteEhPh
 .text._ZN7AD5933s14setControlModeEh
                0x0000062a       0x3a HardwareLib/AD5933s.o
                0x0000062a                _ZN7AD5933s14setControlModeEh
 .text._ZN7AD5933s12setPowerModeEh
                0x00000664       0x1c HardwareLib/AD5933s.o
                0x00000664                _ZN7AD5933s12setPowerModeEh
 .text._ZN7AD5933s15endOneFrequencyEv
                0x00000680        0x6 HardwareLib/AD5933s.o
                0x00000680                _ZN7AD5933s15endOneFrequencyEv
 .text._ZN7AD5933s17beginOneFrequencyEv
                0x00000686       0x24 HardwareLib/AD5933s.o
                0x00000686                _ZN7AD5933s17beginOneFrequencyEv
 .text._ZN7AD5933s5resetEv
                0x000006aa       0x32 HardwareLib/AD5933s.o
                0x000006aa                _ZN7AD5933s5resetEv
 .text._ZN7AD5933s10setPGAGainEh
                0x000006dc       0x4a HardwareLib/AD5933s.o
                0x000006dc                _ZN7AD5933s10setPGAGainEh
 .text._ZN7AD5933s12readRegisterEh
                0x00000726       0x26 HardwareLib/AD5933s.o
                0x00000726                _ZN7AD5933s12readRegisterEh
 .text._ZN7AD5933s18readStatusRegisterEv
                0x0000074c        0x6 HardwareLib/AD5933s.o
                0x0000074c                _ZN7AD5933s18readStatusRegisterEv
 .text._ZN7AD5933s14getComplexDataEPiS0_
                0x00000752       0xac HardwareLib/AD5933s.o
                0x00000752                _ZN7AD5933s14getComplexDataEPiS0_
 .text._ZN7AD5933s15getOneFrequencyEPiS0_
                0x000007fe       0x66 HardwareLib/AD5933s.o
                0x000007fe                _ZN7AD5933s15getOneFrequencyEPiS0_
 .text._ZN7ADG1606C2EiiiiiP8MCP23017Pi
                0x00000864       0x4c HardwareLib/ADG1606.o
                0x00000864                _ZN7ADG1606C1EiiiiiP8MCP23017Pi
                0x00000864                _ZN7ADG1606C2EiiiiiP8MCP23017Pi
 .text._ZN7ADG160612init_ADG1606Ev
                0x000008b0       0x90 HardwareLib/ADG1606.o
                0x000008b0                _ZN7ADG160612init_ADG1606Ev
 .text._ZN7ADG160625overwriteActiveChannelVarEa
                0x00000940       0x16 HardwareLib/ADG1606.o
                0x00000940                _ZN7ADG160625overwriteActiveChannelVarEa
 .text._ZN7ADG160610getChannelEv
                0x00000956        0x8 HardwareLib/ADG1606.o
                0x00000956                _ZN7ADG160610getChannelEv
 .text._ZN8imsc_LEDC2EP8MCP23017hb
                0x0000095e       0x32 HardwareLib/ImpedanceMultiSensingCircuit.o
                0x0000095e                _ZN8imsc_LEDC2EP8MCP23017hb
                0x0000095e                _ZN8imsc_LEDC1EP8MCP23017hb
 .text._ZN8imsc_LED2onEv
                0x00000990       0x22 HardwareLib/ImpedanceMultiSensingCircuit.o
                0x00000990                _ZN8imsc_LED2onEv
 .text._ZN8imsc_LED3offEv
                0x000009b2       0x1a HardwareLib/ImpedanceMultiSensingCircuit.o
                0x000009b2                _ZN8imsc_LED3offEv
 .text._ZN8imsc_LED9overwriteEbPh
                0x000009cc       0x4c HardwareLib/ImpedanceMultiSensingCircuit.o
                0x000009cc                _ZN8imsc_LED9overwriteEbPh
 .text._ZN28ImpedanceMultiSensingCircuit17writeModesAndLedsEh
                0x00000a18      0x124 HardwareLib/ImpedanceMultiSensingCircuit.o
                0x00000a18                _ZN28ImpedanceMultiSensingCircuit17writeModesAndLedsEh
 .text._ZN28ImpedanceMultiSensingCircuitC2Ev
                0x00000b3c      0x106 HardwareLib/ImpedanceMultiSensingCircuit.o
                0x00000b3c                _ZN28ImpedanceMultiSensingCircuitC1Ev
                0x00000b3c                _ZN28ImpedanceMultiSensingCircuitC2Ev
 .text._ZN28ImpedanceMultiSensingCircuit20setElectrodeInitCondEv
                0x00000c42       0x3a HardwareLib/ImpedanceMultiSensingCircuit.o
                0x00000c42                _ZN28ImpedanceMultiSensingCircuit20setElectrodeInitCondEv
 .text._ZN28ImpedanceMultiSensingCircuit12disableModesEv
                0x00000c7c       0x16 HardwareLib/ImpedanceMultiSensingCircuit.o
                0x00000c7c                _ZN28ImpedanceMultiSensingCircuit12disableModesEv
 .text._ZN28ImpedanceMultiSensingCircuit12beginMeasureEv
                0x00000c92       0x2a HardwareLib/ImpedanceMultiSensingCircuit.o
                0x00000c92                _ZN28ImpedanceMultiSensingCircuit12beginMeasureEv
 .text._ZN28ImpedanceMultiSensingCircuit10endMeasureEv
                0x00000cbc       0x38 HardwareLib/ImpedanceMultiSensingCircuit.o
                0x00000cbc                _ZN28ImpedanceMultiSensingCircuit10endMeasureEv
 .text._ZN28ImpedanceMultiSensingCircuit17getMaxMeasuredDFTEv
                0x00000cf4      0x10e HardwareLib/ImpedanceMultiSensingCircuit.o
                0x00000cf4                _ZN28ImpedanceMultiSensingCircuit17getMaxMeasuredDFTEv
 .text._ZN28ImpedanceMultiSensingCircuit18prepareStimulationEv
                0x00000e02       0x40 HardwareLib/ImpedanceMultiSensingCircuit.o
                0x00000e02                _ZN28ImpedanceMultiSensingCircuit18prepareStimulationEv
 .text._ZN28ImpedanceMultiSensingCircuit20correctLeakingDataVsEv
                0x00000e42       0x46 HardwareLib/ImpedanceMultiSensingCircuit.o
                0x00000e42                _ZN28ImpedanceMultiSensingCircuit20correctLeakingDataVsEv
 .text._ZN28ImpedanceMultiSensingCircuit8getGainUEv
                0x00000e88       0x10 HardwareLib/ImpedanceMultiSensingCircuit.o
                0x00000e88                _ZN28ImpedanceMultiSensingCircuit8getGainUEv
 .text._ZN28ImpedanceMultiSensingCircuit8getGainZEv
                0x00000e98       0x10 HardwareLib/ImpedanceMultiSensingCircuit.o
                0x00000e98                _ZN28ImpedanceMultiSensingCircuit8getGainZEv
 .text._ZN28ImpedanceMultiSensingCircuit14sendBinaryDataEaaaaff
                0x00000ea8       0xcc HardwareLib/ImpedanceMultiSensingCircuit.o
                0x00000ea8                _ZN28ImpedanceMultiSensingCircuit14sendBinaryDataEaaaaff
 .text._ZN28ImpedanceMultiSensingCircuit16measureImpedanceEaa15directPrintMode
                0x00000f74      0x304 HardwareLib/ImpedanceMultiSensingCircuit.o
                0x00000f74                _ZN28ImpedanceMultiSensingCircuit16measureImpedanceEaa15directPrintMode
 .text._ZN28ImpedanceMultiSensingCircuit14determineGainZEv
                0x00001278       0x64 HardwareLib/ImpedanceMultiSensingCircuit.o
                0x00001278                _ZN28ImpedanceMultiSensingCircuit14determineGainZEv
 .text._ZN28ImpedanceMultiSensingCircuit14measureVoltageEaaa15directPrintModeb
                0x000012dc      0x3d8 HardwareLib/ImpedanceMultiSensingCircuit.o
                0x000012dc                _ZN28ImpedanceMultiSensingCircuit14measureVoltageEaaa15directPrintModeb
 .text._ZN28ImpedanceMultiSensingCircuit27determineCompensationValuesEv
                0x000016b4      0x1a0 HardwareLib/ImpedanceMultiSensingCircuit.o
                0x000016b4                _ZN28ImpedanceMultiSensingCircuit27determineCompensationValuesEv
 .text._ZN28ImpedanceMultiSensingCircuit18calibrationRoutineEv
                0x00001854       0x52 HardwareLib/ImpedanceMultiSensingCircuit.o
                0x00001854                _ZN28ImpedanceMultiSensingCircuit18calibrationRoutineEv
 .text._ZN28ImpedanceMultiSensingCircuit8initIMSCEv
                0x000018a6      0x2b0 HardwareLib/ImpedanceMultiSensingCircuit.o
                0x000018a6                _ZN28ImpedanceMultiSensingCircuit8initIMSCEv
 .text._ZN28ImpedanceMultiSensingCircuit22measureAllPrepreparedVE15directPrintMode
                0x00001b56      0x2b0 HardwareLib/ImpedanceMultiSensingCircuit.o
                0x00001b56                _ZN28ImpedanceMultiSensingCircuit22measureAllPrepreparedVE15directPrintMode
 .text._ZN28ImpedanceMultiSensingCircuit18getLeakageImpactVsEv
                0x00001e06       0xd4 HardwareLib/ImpedanceMultiSensingCircuit.o
                0x00001e06                _ZN28ImpedanceMultiSensingCircuit18getLeakageImpactVsEv
 .text._ZN28ImpedanceMultiSensingCircuit14acquireEITdataE15directPrintModebb
                0x00001eda      0x276 HardwareLib/ImpedanceMultiSensingCircuit.o
                0x00001eda                _ZN28ImpedanceMultiSensingCircuit14acquireEITdataE15directPrintModebb
 .text._ZL8wiresendh
                0x00002150        0xa HardwareLib/MCP23017.o
 .text._ZN8MCP2301713writeRegisterEhh
                0x0000215a       0x50 HardwareLib/MCP23017.o
                0x0000215a                _ZN8MCP2301713writeRegisterEhh
 .text._ZN8MCP230175beginEh
                0x000021aa       0x86 HardwareLib/MCP23017.o
                0x000021aa                _ZN8MCP230175beginEh
 .text._ZN8MCP2301712digitalWriteEhh
                0x00002230       0x8c HardwareLib/MCP23017.o
                0x00002230                _ZN8MCP2301712digitalWriteEhh
 .text._ZN8MCP2301711writeGPIOABEj
                0x000022bc       0x42 HardwareLib/MCP23017.o
                0x000022bc                _ZN8MCP2301711writeGPIOABEj
 .text._ZN8MCP230178readGPIOEh
                0x000022fe       0x50 HardwareLib/MCP23017.o
                0x000022fe                _ZN8MCP230178readGPIOEh
 .text._ZN8MCP2301712readRegisterEh
                0x0000234e       0x48 HardwareLib/MCP23017.o
                0x0000234e                _ZN8MCP2301712readRegisterEh
 .text._ZN8MCP2301717updateRegisterBitEhhhh
                0x00002396       0x54 HardwareLib/MCP23017.o
                0x00002396                _ZN8MCP2301717updateRegisterBitEhhhh
 .text._ZN8MCP230177pinModeEhh
                0x000023ea       0x16 HardwareLib/MCP23017.o
                0x000023ea                _ZN8MCP230177pinModeEhh
 .text._ZN13MUX16_CIRCUITC2Ev
                0x00002400       0xf8 HardwareLib/MUX16_CIRCUIT.o
                0x00002400                _ZN13MUX16_CIRCUITC1Ev
                0x00002400                _ZN13MUX16_CIRCUITC2Ev
 .text._ZN13MUX16_CIRCUIT26writePreparedChannelsToMuxEv
                0x000024f8       0x3e HardwareLib/MUX16_CIRCUIT.o
                0x000024f8                _ZN13MUX16_CIRCUIT26writePreparedChannelsToMuxEv
 .text._ZN13MUX16_CIRCUIT17changeGPIOregWordEP7ADG1606i
                0x00002536      0x18a HardwareLib/MUX16_CIRCUIT.o
                0x00002536                _ZN13MUX16_CIRCUIT17changeGPIOregWordEP7ADG1606i
 .text._ZN13MUX16_CIRCUIT5beginEi
                0x000026c0       0xb0 HardwareLib/MUX16_CIRCUIT.o
                0x000026c0                _ZN13MUX16_CIRCUIT5beginEi
 .text._ZN13MUX16_CIRCUIT16prepareSignalMuxEi
                0x00002770       0x20 HardwareLib/MUX16_CIRCUIT.o
                0x00002770                _ZN13MUX16_CIRCUIT16prepareSignalMuxEi
 .text._ZN13MUX16_CIRCUIT17prepareMeasureMuxEi
                0x00002790       0x20 HardwareLib/MUX16_CIRCUIT.o
                0x00002790                _ZN13MUX16_CIRCUIT17prepareMeasureMuxEi
 .text._ZN13MUX16_CIRCUIT16prepareGroundMuxEi
                0x000027b0       0x20 HardwareLib/MUX16_CIRCUIT.o
                0x000027b0                _ZN13MUX16_CIRCUIT16prepareGroundMuxEi
 .text._ZN13MUX16_CIRCUIT19getSignalMuxChannelEv
                0x000027d0        0x6 HardwareLib/MUX16_CIRCUIT.o
                0x000027d0                _ZN13MUX16_CIRCUIT19getSignalMuxChannelEv
 .text._ZN13MUX16_CIRCUIT19getGroundMuxChannelEv
                0x000027d6        0x6 HardwareLib/MUX16_CIRCUIT.o
                0x000027d6                _ZN13MUX16_CIRCUIT19getGroundMuxChannelEv
 .text._ZN11EEPROMClass6updateEih.isra.1
                0x000027dc       0x28 Sketch.o
 .text._ZN11EEPROMClass4readEi.isra.0
                0x00002804        0x4 Sketch.o
 .text._Z24writeMeasPatternToEEPROMi
                0x00002808       0x42 Sketch.o
                0x00002808                _Z24writeMeasPatternToEEPROMi
 .text._Z24writeStimPatternToEEPROMi
                0x0000284a       0x24 Sketch.o
                0x0000284a                _Z24writeStimPatternToEEPROMi
 .text._Z25writeCompensationToEEPROMv
                0x0000286e       0xb0 Sketch.o
                0x0000286e                _Z25writeCompensationToEEPROMv
 .text._Z25readMeasPatternFromEEPROMi
                0x0000291e       0x50 Sketch.o
                0x0000291e                _Z25readMeasPatternFromEEPROMi
 .text._Z25readStimPatternFromEEPROMi
                0x0000296e       0x26 Sketch.o
                0x0000296e                _Z25readStimPatternFromEEPROMi
 .text._Z26readCompensationFromEEPROMv
                0x00002994       0xb6 Sketch.o
                0x00002994                _Z26readCompensationFromEEPROMv
 .text._Z16printMeasPatternv
                0x00002a4a       0xc6 Sketch.o
                0x00002a4a                _Z16printMeasPatternv
 .text._Z16printStimPatternv
                0x00002b10       0xac Sketch.o
                0x00002b10                _Z16printStimPatternv
 .text._Z8gpioReadh
                0x00002bbc       0xce Sketch.o
                0x00002bbc                _Z8gpioReadh
 .text._Z9gpioWritehh
                0x00002c8a       0xaa Sketch.o
                0x00002c8a                _Z9gpioWritehh
 .text._Z8gpioModehh
                0x00002d34       0xac Sketch.o
                0x00002d34                _Z8gpioModehh
 .text._Z13sendCalibDatav
                0x00002de0      0x184 Sketch.o
                0x00002de0                _Z13sendCalibDatav
 .text._Z24updateCompensationValuesv
                0x00002f64      0x1ea Sketch.o
                0x00002f64                _Z24updateCompensationValuesv
 .text._Z19startCollectingDatabb
                0x0000314e       0x9a Sketch.o
                0x0000314e                _Z19startCollectingDatabb
 .text._Z20startCollectingData2b
                0x000031e8      0x27e Sketch.o
                0x000031e8                _Z20startCollectingData2b
 .text._Z12testFunctionv
                0x00003466      0x352 Sketch.o
                0x00003466                _Z12testFunctionv
 .text.setup    0x000037b8       0x68 Sketch.o
                0x000037b8                setup
 .text._Z21setMeasurementPatterni
                0x00003820       0x9a Sketch.o
                0x00003820                _Z21setMeasurementPatterni
 .text._Z21setStimulationPatterni
                0x000038ba       0x7c Sketch.o
                0x000038ba                _Z21setStimulationPatterni
 .text.loop     0x00003936      0x5aa Sketch.o
                0x00003936                loop
 .text.avr-libc.fplib
                0x00003ee0        0xe c:/program files (x86)/atmel/studio/7.0/toolchain/avr8/avr8-gnu-toolchain/bin/../lib/gcc/avr/5.4.0/../../../../avr/lib/avr5\libm.a(addsf3.o)
                0x00003ee0                __subsf3
                0x00003ee2                __addsf3
 .text.avr-libc.fplib
                0x00003eee       0xcc c:/program files (x86)/atmel/studio/7.0/toolchain/avr8/avr8-gnu-toolchain/bin/../lib/gcc/avr/5.4.0/../../../../avr/lib/avr5\libm.a(addsf3x.o)
                0x00003f10                __addsf3x
 .text.avr-libc.fplib
                0x00003fba        0xa c:/program files (x86)/atmel/studio/7.0/toolchain/avr8/avr8-gnu-toolchain/bin/../lib/gcc/avr/5.4.0/../../../../avr/lib/avr5\libm.a(cmpsf2.o)
                0x00003fba                __nesf2
                0x00003fba                __eqsf2
                0x00003fba                __cmpsf2
                0x00003fba                __ltsf2
                0x00003fba                __lesf2
 .text.avr-libc.fplib
                0x00003fc4        0x8 c:/program files (x86)/atmel/studio/7.0/toolchain/avr8/avr8-gnu-toolchain/bin/../lib/gcc/avr/5.4.0/../../../../avr/lib/avr5\libm.a(divsf3.o)
                0x00003fc4                __divsf3
 .text.avr-libc.fplib
                0x00003fcc       0xdc c:/program files (x86)/atmel/studio/7.0/toolchain/avr8/avr8-gnu-toolchain/bin/../lib/gcc/avr/5.4.0/../../../../avr/lib/avr5\libm.a(divsf3x.o)
                0x00003fec                __divsf3x
                0x00003ff2                __divsf3_pse
 .text.avr-libc.fplib
                0x000040a8        0xe c:/program files (x86)/atmel/studio/7.0/toolchain/avr8/avr8-gnu-toolchain/bin/../lib/gcc/avr/5.4.0/../../../../avr/lib/avr5\libm.a(fixsfsi.o)
                0x000040a8                __fixsfsi
 .text.avr-libc.fplib
                0x000040b6       0x5e c:/program files (x86)/atmel/studio/7.0/toolchain/avr8/avr8-gnu-toolchain/bin/../lib/gcc/avr/5.4.0/../../../../avr/lib/avr5\libm.a(fixunssfsi.o)
                0x000040b6                __fixunssfsi
 .text.avr-libc.fplib
                0x00004114       0x7a c:/program files (x86)/atmel/studio/7.0/toolchain/avr8/avr8-gnu-toolchain/bin/../lib/gcc/avr/5.4.0/../../../../avr/lib/avr5\libm.a(floatsisf.o)
                0x00004114                __floatunsisf
                0x00004118                __floatsisf
 .text.avr-libc.fplib
                0x0000418e       0x48 c:/program files (x86)/atmel/studio/7.0/toolchain/avr8/avr8-gnu-toolchain/bin/../lib/gcc/avr/5.4.0/../../../../avr/lib/avr5\libm.a(fp_cmp.o)
                0x0000418e                __fp_cmp
 .text.avr-libc.fplib
                0x000041d6        0xc c:/program files (x86)/atmel/studio/7.0/toolchain/avr8/avr8-gnu-toolchain/bin/../lib/gcc/avr/5.4.0/../../../../avr/lib/avr5\libm.a(fp_inf.o)
                0x000041d6                __fp_inf
 .text.avr-libc.fplib
                0x000041e2        0x6 c:/program files (x86)/atmel/studio/7.0/toolchain/avr8/avr8-gnu-toolchain/bin/../lib/gcc/avr/5.4.0/../../../../avr/lib/avr5\libm.a(fp_nan.o)
                0x000041e2                __fp_nan
 .text.avr-libc.fplib
                0x000041e8        0xe c:/program files (x86)/atmel/studio/7.0/toolchain/avr8/avr8-gnu-toolchain/bin/../lib/gcc/avr/5.4.0/../../../../avr/lib/avr5\libm.a(fp_pscA.o)
                0x000041e8                __fp_pscA
 .text.avr-libc.fplib
                0x000041f6        0xe c:/program files (x86)/atmel/studio/7.0/toolchain/avr8/avr8-gnu-toolchain/bin/../lib/gcc/avr/5.4.0/../../../../avr/lib/avr5\libm.a(fp_pscB.o)
                0x000041f6                __fp_pscB
 .text.avr-libc.fplib
                0x00004204       0x22 c:/program files (x86)/atmel/studio/7.0/toolchain/avr8/avr8-gnu-toolchain/bin/../lib/gcc/avr/5.4.0/../../../../avr/lib/avr5\libm.a(fp_round.o)
                0x00004204                __fp_round
 .text.avr-libc.fplib
                0x00004226       0x44 c:/program files (x86)/atmel/studio/7.0/toolchain/avr8/avr8-gnu-toolchain/bin/../lib/gcc/avr/5.4.0/../../../../avr/lib/avr5\libm.a(fp_split3.o)
                0x00004226                __fp_split3
                0x00004236                __fp_splitA
 .text.avr-libc.fplib
                0x0000426a        0xe c:/program files (x86)/atmel/studio/7.0/toolchain/avr8/avr8-gnu-toolchain/bin/../lib/gcc/avr/5.4.0/../../../../avr/lib/avr5\libm.a(fp_zero.o)
                0x0000426a                __fp_zero
                0x0000426c                __fp_szero
 .text.avr-libc.fplib
                0x00004278        0x8 c:/program files (x86)/atmel/studio/7.0/toolchain/avr8/avr8-gnu-toolchain/bin/../lib/gcc/avr/5.4.0/../../../../avr/lib/avr5\libm.a(mulsf3.o)
                0x00004278                __mulsf3
 .text.avr-libc.fplib
                0x00004280       0xd2 c:/program files (x86)/atmel/studio/7.0/toolchain/avr8/avr8-gnu-toolchain/bin/../lib/gcc/avr/5.4.0/../../../../avr/lib/avr5\libm.a(mulsf3x.o)
                0x0000429e                __mulsf3x
                0x000042a4                __mulsf3_pse
 .text.avr-libc.fplib
                0x00004352       0x8c c:/program files (x86)/atmel/studio/7.0/toolchain/avr8/avr8-gnu-toolchain/bin/../lib/gcc/avr/5.4.0/../../../../avr/lib/avr5\libm.a(sqrt.o)
                0x0000435e                sqrtf
                0x0000435e                sqrt
 .text.avr-libc.fplib
                0x000043de       0x1c c:/program files (x86)/atmel/studio/7.0/toolchain/avr8/avr8-gnu-toolchain/bin/../lib/gcc/avr/5.4.0/../../../../avr/lib/avr5\libm.a(fp_mpack.o)
                0x000043de                __fp_mpack
                0x000043e2                __fp_mpack_finite
 .text.avr-libc.fplib
                0x000043fa        0xe c:/program files (x86)/atmel/studio/7.0/toolchain/avr8/avr8-gnu-toolchain/bin/../lib/gcc/avr/5.4.0/../../../../avr/lib/avr5\libm.a(fp_norm2.o)
                0x000043fa                __fp_norm2
 .text._ZN5Print17availableForWriteEv
                0x00004408        0x6 C:\Users\p42164\ONEDRI~1\DISSDA~1\MEDUSA~1\Code\IMPEDA~2\EIT_AR~1\ARDUIN~1\Debug\libArduinoCore.a(CDC.o)
                0x00004408                _ZN5Print17availableForWriteEv
 .text._ZN7Serial_5writeEh
                0x0000440e       0x2c C:\Users\p42164\ONEDRI~1\DISSDA~1\MEDUSA~1\Code\IMPEDA~2\EIT_AR~1\ARDUIN~1\Debug\libArduinoCore.a(CDC.o)
                0x0000440e                _ZN7Serial_5writeEh
 .text._ZN7Serial_4peekEv
                0x0000443a       0x22 C:\Users\p42164\ONEDRI~1\DISSDA~1\MEDUSA~1\Code\IMPEDA~2\EIT_AR~1\ARDUIN~1\Debug\libArduinoCore.a(CDC.o)
                0x0000443a                _ZN7Serial_4peekEv
 .text._ZN7Serial_17availableForWriteEv
                0x0000445c        0xa C:\Users\p42164\ONEDRI~1\DISSDA~1\MEDUSA~1\Code\IMPEDA~2\EIT_AR~1\ARDUIN~1\Debug\libArduinoCore.a(CDC.o)
                0x0000445c                _ZN7Serial_17availableForWriteEv
 .text._ZN7Serial_5flushEv
                0x00004466        0x6 C:\Users\p42164\ONEDRI~1\DISSDA~1\MEDUSA~1\Code\IMPEDA~2\EIT_AR~1\ARDUIN~1\Debug\libArduinoCore.a(CDC.o)
                0x00004466                _ZN7Serial_5flushEv
 .text._ZN7Serial_9availableEv
                0x0000446c       0x20 C:\Users\p42164\ONEDRI~1\DISSDA~1\MEDUSA~1\Code\IMPEDA~2\EIT_AR~1\ARDUIN~1\Debug\libArduinoCore.a(CDC.o)
                0x0000446c                _ZN7Serial_9availableEv
 .text._ZN7Serial_4readEv
                0x0000448c       0x1a C:\Users\p42164\ONEDRI~1\DISSDA~1\MEDUSA~1\Code\IMPEDA~2\EIT_AR~1\ARDUIN~1\Debug\libArduinoCore.a(CDC.o)
                0x0000448c                _ZN7Serial_4readEv
 .text._ZN7Serial_5writeEPKhj
                0x000044a6       0x2c C:\Users\p42164\ONEDRI~1\DISSDA~1\MEDUSA~1\Code\IMPEDA~2\EIT_AR~1\ARDUIN~1\Debug\libArduinoCore.a(CDC.o)
                0x000044a6                _ZN7Serial_5writeEPKhj
 .text._Z16isLUFAbootloaderv
                0x000044d2       0x14 C:\Users\p42164\ONEDRI~1\DISSDA~1\MEDUSA~1\Code\IMPEDA~2\EIT_AR~1\ARDUIN~1\Debug\libArduinoCore.a(CDC.o)
                0x000044d2                _Z16isLUFAbootloaderv
 .text._Z16CDC_GetInterfacePh
                0x000044e6       0x16 C:\Users\p42164\ONEDRI~1\DISSDA~1\MEDUSA~1\Code\IMPEDA~2\EIT_AR~1\ARDUIN~1\Debug\libArduinoCore.a(CDC.o)
                0x000044e6                _Z16CDC_GetInterfacePh
 .text._Z9CDC_SetupR8USBSetup
                0x000044fc      0x11c C:\Users\p42164\ONEDRI~1\DISSDA~1\MEDUSA~1\Code\IMPEDA~2\EIT_AR~1\ARDUIN~1\Debug\libArduinoCore.a(CDC.o)
                0x000044fc                _Z9CDC_SetupR8USBSetup
 .text._ZN7Serial_5beginEm
                0x00004618        0xc C:\Users\p42164\ONEDRI~1\DISSDA~1\MEDUSA~1\Code\IMPEDA~2\EIT_AR~1\ARDUIN~1\Debug\libArduinoCore.a(CDC.o)
                0x00004618                _ZN7Serial_5beginEm
 .text.startup._GLOBAL__sub_I__cdcInterface
                0x00004624       0x2a C:\Users\p42164\ONEDRI~1\DISSDA~1\MEDUSA~1\Code\IMPEDA~2\EIT_AR~1\ARDUIN~1\Debug\libArduinoCore.a(CDC.o)
 .text.initVariant
                0x0000464e        0x2 C:\Users\p42164\ONEDRI~1\DISSDA~1\MEDUSA~1\Code\IMPEDA~2\EIT_AR~1\ARDUIN~1\Debug\libArduinoCore.a(main.o)
                0x0000464e                initVariant
 .text.startup.main
                0x00004650       0x26 C:\Users\p42164\ONEDRI~1\DISSDA~1\MEDUSA~1\Code\IMPEDA~2\EIT_AR~1\ARDUIN~1\Debug\libArduinoCore.a(main.o)
                0x00004650                main
 .text._Znwj    0x00004676        0x4 C:\Users\p42164\ONEDRI~1\DISSDA~1\MEDUSA~1\Code\IMPEDA~2\EIT_AR~1\ARDUIN~1\Debug\libArduinoCore.a(new.o)
                0x00004676                _Znwj
 .text._ZN5Print5writeEPKc
                0x0000467a       0x2a C:\Users\p42164\ONEDRI~1\DISSDA~1\MEDUSA~1\Code\IMPEDA~2\EIT_AR~1\ARDUIN~1\Debug\libArduinoCore.a(Print.o)
                0x0000467a                _ZN5Print5writeEPKc
 .text._ZN5Print5printEPK19__FlashStringHelper
                0x000046a4       0x48 C:\Users\p42164\ONEDRI~1\DISSDA~1\MEDUSA~1\Code\IMPEDA~2\EIT_AR~1\ARDUIN~1\Debug\libArduinoCore.a(Print.o)
                0x000046a4                _ZN5Print5printEPK19__FlashStringHelper
 .text._ZN5Print5printEPKc
                0x000046ec        0x4 C:\Users\p42164\ONEDRI~1\DISSDA~1\MEDUSA~1\Code\IMPEDA~2\EIT_AR~1\ARDUIN~1\Debug\libArduinoCore.a(Print.o)
                0x000046ec                _ZN5Print5printEPKc
 .text._ZN5Print5printEc
                0x000046f0        0xe C:\Users\p42164\ONEDRI~1\DISSDA~1\MEDUSA~1\Code\IMPEDA~2\EIT_AR~1\ARDUIN~1\Debug\libArduinoCore.a(Print.o)
                0x000046f0                _ZN5Print5printEc
 .text._ZN5Print7printlnEv
                0x000046fe        0x8 C:\Users\p42164\ONEDRI~1\DISSDA~1\MEDUSA~1\Code\IMPEDA~2\EIT_AR~1\ARDUIN~1\Debug\libArduinoCore.a(Print.o)
                0x000046fe                _ZN5Print7printlnEv
 .text._ZN5Print7printlnEPK19__FlashStringHelper
                0x00004706       0x24 C:\Users\p42164\ONEDRI~1\DISSDA~1\MEDUSA~1\Code\IMPEDA~2\EIT_AR~1\ARDUIN~1\Debug\libArduinoCore.a(Print.o)
                0x00004706                _ZN5Print7printlnEPK19__FlashStringHelper
 .text._ZN5Print7printlnEPKc
                0x0000472a       0x24 C:\Users\p42164\ONEDRI~1\DISSDA~1\MEDUSA~1\Code\IMPEDA~2\EIT_AR~1\ARDUIN~1\Debug\libArduinoCore.a(Print.o)
                0x0000472a                _ZN5Print7printlnEPKc
 .text._ZN5Print11printNumberEmh
                0x0000474e       0x92 C:\Users\p42164\ONEDRI~1\DISSDA~1\MEDUSA~1\Code\IMPEDA~2\EIT_AR~1\ARDUIN~1\Debug\libArduinoCore.a(Print.o)
                0x0000474e                _ZN5Print11printNumberEmh
 .text._ZN5Print5printEmi
                0x000047e0       0x1a C:\Users\p42164\ONEDRI~1\DISSDA~1\MEDUSA~1\Code\IMPEDA~2\EIT_AR~1\ARDUIN~1\Debug\libArduinoCore.a(Print.o)
                0x000047e0                _ZN5Print5printEmi
 .text._ZN5Print5printEhi
                0x000047fa        0xe C:\Users\p42164\ONEDRI~1\DISSDA~1\MEDUSA~1\Code\IMPEDA~2\EIT_AR~1\ARDUIN~1\Debug\libArduinoCore.a(Print.o)
                0x000047fa                _ZN5Print5printEhi
 .text._ZN5Print5printEji
                0x00004808        0xc C:\Users\p42164\ONEDRI~1\DISSDA~1\MEDUSA~1\Code\IMPEDA~2\EIT_AR~1\ARDUIN~1\Debug\libArduinoCore.a(Print.o)
                0x00004808                _ZN5Print5printEji
 .text._ZN5Print5printEli
                0x00004814       0x90 C:\Users\p42164\ONEDRI~1\DISSDA~1\MEDUSA~1\Code\IMPEDA~2\EIT_AR~1\ARDUIN~1\Debug\libArduinoCore.a(Print.o)
                0x00004814                _ZN5Print5printEli
 .text._ZN5Print5printEii
                0x000048a4        0xe C:\Users\p42164\ONEDRI~1\DISSDA~1\MEDUSA~1\Code\IMPEDA~2\EIT_AR~1\ARDUIN~1\Debug\libArduinoCore.a(Print.o)
                0x000048a4                _ZN5Print5printEii
 .text._ZN5Print7printlnEii
                0x000048b2       0x24 C:\Users\p42164\ONEDRI~1\DISSDA~1\MEDUSA~1\Code\IMPEDA~2\EIT_AR~1\ARDUIN~1\Debug\libArduinoCore.a(Print.o)
                0x000048b2                _ZN5Print7printlnEii
 .text._ZN5Print10printFloatEdh
                0x000048d6      0x1b6 C:\Users\p42164\ONEDRI~1\DISSDA~1\MEDUSA~1\Code\IMPEDA~2\EIT_AR~1\ARDUIN~1\Debug\libArduinoCore.a(Print.o)
                0x000048d6                _ZN5Print10printFloatEdh
 .text._ZN5Print7printlnEdi
                0x00004a8c       0x24 C:\Users\p42164\ONEDRI~1\DISSDA~1\MEDUSA~1\Code\IMPEDA~2\EIT_AR~1\ARDUIN~1\Debug\libArduinoCore.a(Print.o)
                0x00004a8c                _ZN5Print7printlnEdi
 .text._ZL4RecvPVhh
                0x00004ab0       0x1a C:\Users\p42164\ONEDRI~1\DISSDA~1\MEDUSA~1\Code\IMPEDA~2\EIT_AR~1\ARDUIN~1\Debug\libArduinoCore.a(USBCore.o)
 .text._ZL11SendControlh
                0x00004aca       0x5c C:\Users\p42164\ONEDRI~1\DISSDA~1\MEDUSA~1\Code\IMPEDA~2\EIT_AR~1\ARDUIN~1\Debug\libArduinoCore.a(USBCore.o)
 .text._ZL24USB_SendStringDescriptorPKhhh
                0x00004b26       0x6a C:\Users\p42164\ONEDRI~1\DISSDA~1\MEDUSA~1\Code\IMPEDA~2\EIT_AR~1\ARDUIN~1\Debug\libArduinoCore.a(USBCore.o)
 .text._ZL15USB_ClockEnablev
                0x00004b90       0x46 C:\Users\p42164\ONEDRI~1\DISSDA~1\MEDUSA~1\Code\IMPEDA~2\EIT_AR~1\ARDUIN~1\Debug\libArduinoCore.a(USBCore.o)
 .text._ZL14SendInterfacesv
                0x00004bd6       0x2c C:\Users\p42164\ONEDRI~1\DISSDA~1\MEDUSA~1\Code\IMPEDA~2\EIT_AR~1\ARDUIN~1\Debug\libArduinoCore.a(USBCore.o)
 .text._ZN6LockEPC2Eh
                0x00004c02       0x10 C:\Users\p42164\ONEDRI~1\DISSDA~1\MEDUSA~1\Code\IMPEDA~2\EIT_AR~1\ARDUIN~1\Debug\libArduinoCore.a(USBCore.o)
                0x00004c02                _ZN6LockEPC2Eh
                0x00004c02                _ZN6LockEPC1Eh
 .text._Z13USB_Availableh
                0x00004c12       0x24 C:\Users\p42164\ONEDRI~1\DISSDA~1\MEDUSA~1\Code\IMPEDA~2\EIT_AR~1\ARDUIN~1\Debug\libArduinoCore.a(USBCore.o)
                0x00004c12                _Z13USB_Availableh
 .text._Z8USB_RecvhPvi
                0x00004c36       0x86 C:\Users\p42164\ONEDRI~1\DISSDA~1\MEDUSA~1\Code\IMPEDA~2\EIT_AR~1\ARDUIN~1\Debug\libArduinoCore.a(USBCore.o)
                0x00004c36                _Z8USB_RecvhPvi
 .text._Z8USB_Recvh
                0x00004cbc       0x2e C:\Users\p42164\ONEDRI~1\DISSDA~1\MEDUSA~1\Code\IMPEDA~2\EIT_AR~1\ARDUIN~1\Debug\libArduinoCore.a(USBCore.o)
                0x00004cbc                _Z8USB_Recvh
 .text._Z13USB_SendSpaceh
                0x00004cea       0x34 C:\Users\p42164\ONEDRI~1\DISSDA~1\MEDUSA~1\Code\IMPEDA~2\EIT_AR~1\ARDUIN~1\Debug\libArduinoCore.a(USBCore.o)
                0x00004cea                _Z13USB_SendSpaceh
 .text._Z8USB_SendhPKvi
                0x00004d1e      0x14a C:\Users\p42164\ONEDRI~1\DISSDA~1\MEDUSA~1\Code\IMPEDA~2\EIT_AR~1\ARDUIN~1\Debug\libArduinoCore.a(USBCore.o)
                0x00004d1e                _Z8USB_SendhPKvi
 .text._Z11InitControli
                0x00004e68       0x16 C:\Users\p42164\ONEDRI~1\DISSDA~1\MEDUSA~1\Code\IMPEDA~2\EIT_AR~1\ARDUIN~1\Debug\libArduinoCore.a(USBCore.o)
                0x00004e68                _Z11InitControli
 .text._Z15USB_SendControlhPKvi
                0x00004e7e       0x4e C:\Users\p42164\ONEDRI~1\DISSDA~1\MEDUSA~1\Code\IMPEDA~2\EIT_AR~1\ARDUIN~1\Debug\libArduinoCore.a(USBCore.o)
                0x00004e7e                _Z15USB_SendControlhPKvi
 .text._Z15USB_RecvControlPvi
                0x00004ecc       0x66 C:\Users\p42164\ONEDRI~1\DISSDA~1\MEDUSA~1\Code\IMPEDA~2\EIT_AR~1\ARDUIN~1\Debug\libArduinoCore.a(USBCore.o)
                0x00004ecc                _Z15USB_RecvControlPvi
 .text.__vector_11
                0x00004f32      0x2b4 C:\Users\p42164\ONEDRI~1\DISSDA~1\MEDUSA~1\Code\IMPEDA~2\EIT_AR~1\ARDUIN~1\Debug\libArduinoCore.a(USBCore.o)
                0x00004f32                __vector_11
 .text._Z9USB_Flushh
                0x000051e6       0x14 C:\Users\p42164\ONEDRI~1\DISSDA~1\MEDUSA~1\Code\IMPEDA~2\EIT_AR~1\ARDUIN~1\Debug\libArduinoCore.a(USBCore.o)
                0x000051e6                _Z9USB_Flushh
 .text.__vector_10
                0x000051fa      0x102 C:\Users\p42164\ONEDRI~1\DISSDA~1\MEDUSA~1\Code\IMPEDA~2\EIT_AR~1\ARDUIN~1\Debug\libArduinoCore.a(USBCore.o)
                0x000051fa                __vector_10
 .text._ZN10USBDevice_6attachEv
                0x000052fc       0x26 C:\Users\p42164\ONEDRI~1\DISSDA~1\MEDUSA~1\Code\IMPEDA~2\EIT_AR~1\ARDUIN~1\Debug\libArduinoCore.a(USBCore.o)
                0x000052fc                _ZN10USBDevice_6attachEv
 .text.__vector_23
                0x00005322       0x94 C:\Users\p42164\ONEDRI~1\DISSDA~1\MEDUSA~1\Code\IMPEDA~2\EIT_AR~1\ARDUIN~1\Debug\libArduinoCore.a(wiring.o)
                0x00005322                __vector_23
 .text.micros   0x000053b6       0x4a C:\Users\p42164\ONEDRI~1\DISSDA~1\MEDUSA~1\Code\IMPEDA~2\EIT_AR~1\ARDUIN~1\Debug\libArduinoCore.a(wiring.o)
                0x000053b6                micros
 .text.delay    0x00005400       0x78 C:\Users\p42164\ONEDRI~1\DISSDA~1\MEDUSA~1\Code\IMPEDA~2\EIT_AR~1\ARDUIN~1\Debug\libArduinoCore.a(wiring.o)
                0x00005400                delay
 .text.delayMicroseconds
                0x00005478       0x16 C:\Users\p42164\ONEDRI~1\DISSDA~1\MEDUSA~1\Code\IMPEDA~2\EIT_AR~1\ARDUIN~1\Debug\libArduinoCore.a(wiring.o)
                0x00005478                delayMicroseconds
 .text.init     0x0000548e       0xac C:\Users\p42164\ONEDRI~1\DISSDA~1\MEDUSA~1\Code\IMPEDA~2\EIT_AR~1\ARDUIN~1\Debug\libArduinoCore.a(wiring.o)
                0x0000548e                init
 .text.turnOffPWM
                0x0000553a       0x7a C:\Users\p42164\ONEDRI~1\DISSDA~1\MEDUSA~1\Code\IMPEDA~2\EIT_AR~1\ARDUIN~1\Debug\libArduinoCore.a(wiring_digital.o)
 .text.pinMode  0x000055b4       0x78 C:\Users\p42164\ONEDRI~1\DISSDA~1\MEDUSA~1\Code\IMPEDA~2\EIT_AR~1\ARDUIN~1\Debug\libArduinoCore.a(wiring_digital.o)
                0x000055b4                pinMode
 .text.digitalWrite
                0x0000562c       0x5e C:\Users\p42164\ONEDRI~1\DISSDA~1\MEDUSA~1\Code\IMPEDA~2\EIT_AR~1\ARDUIN~1\Debug\libArduinoCore.a(wiring_digital.o)
                0x0000562c                digitalWrite
 .text.digitalRead
                0x0000568a       0x52 C:\Users\p42164\ONEDRI~1\DISSDA~1\MEDUSA~1\Code\IMPEDA~2\EIT_AR~1\ARDUIN~1\Debug\libArduinoCore.a(wiring_digital.o)
                0x0000568a                digitalRead
 .text._ZN7TwoWire9availableEv
                0x000056dc       0x10 C:\Users\p42164\ONEDRI~1\DISSDA~1\MEDUSA~1\Code\IMPEDA~2\EIT_AR~1\ARDUIN~1\Debug\libArduinoCore.a(Wire.o)
                0x000056dc                _ZN7TwoWire9availableEv
 .text._ZN7TwoWire4readEv
                0x000056ec       0x28 C:\Users\p42164\ONEDRI~1\DISSDA~1\MEDUSA~1\Code\IMPEDA~2\EIT_AR~1\ARDUIN~1\Debug\libArduinoCore.a(Wire.o)
                0x000056ec                _ZN7TwoWire4readEv
 .text._ZN7TwoWire4peekEv
                0x00005714       0x1e C:\Users\p42164\ONEDRI~1\DISSDA~1\MEDUSA~1\Code\IMPEDA~2\EIT_AR~1\ARDUIN~1\Debug\libArduinoCore.a(Wire.o)
                0x00005714                _ZN7TwoWire4peekEv
 .text._ZN7TwoWire5flushEv
                0x00005732        0x2 C:\Users\p42164\ONEDRI~1\DISSDA~1\MEDUSA~1\Code\IMPEDA~2\EIT_AR~1\ARDUIN~1\Debug\libArduinoCore.a(Wire.o)
                0x00005732                _ZN7TwoWire5flushEv
 .text._ZN7TwoWire16onReceiveServiceEPhi
                0x00005734       0x54 C:\Users\p42164\ONEDRI~1\DISSDA~1\MEDUSA~1\Code\IMPEDA~2\EIT_AR~1\ARDUIN~1\Debug\libArduinoCore.a(Wire.o)
                0x00005734                _ZN7TwoWire16onReceiveServiceEPhi
 .text._ZN7TwoWire16onRequestServiceEv
                0x00005788       0x18 C:\Users\p42164\ONEDRI~1\DISSDA~1\MEDUSA~1\Code\IMPEDA~2\EIT_AR~1\ARDUIN~1\Debug\libArduinoCore.a(Wire.o)
                0x00005788                _ZN7TwoWire16onRequestServiceEv
 .text._ZN7TwoWire5writeEPKhj
                0x000057a0       0x5a C:\Users\p42164\ONEDRI~1\DISSDA~1\MEDUSA~1\Code\IMPEDA~2\EIT_AR~1\ARDUIN~1\Debug\libArduinoCore.a(Wire.o)
                0x000057a0                _ZN7TwoWire5writeEPKhj
 .text._ZN7TwoWire5writeEh
                0x000057fa       0x5e C:\Users\p42164\ONEDRI~1\DISSDA~1\MEDUSA~1\Code\IMPEDA~2\EIT_AR~1\ARDUIN~1\Debug\libArduinoCore.a(Wire.o)
                0x000057fa                _ZN7TwoWire5writeEh
 .text._ZN7TwoWireC2Ev
                0x00005858       0x20 C:\Users\p42164\ONEDRI~1\DISSDA~1\MEDUSA~1\Code\IMPEDA~2\EIT_AR~1\ARDUIN~1\Debug\libArduinoCore.a(Wire.o)
                0x00005858                _ZN7TwoWireC1Ev
                0x00005858                _ZN7TwoWireC2Ev
 .text._ZN7TwoWire5beginEv
                0x00005878       0x24 C:\Users\p42164\ONEDRI~1\DISSDA~1\MEDUSA~1\Code\IMPEDA~2\EIT_AR~1\ARDUIN~1\Debug\libArduinoCore.a(Wire.o)
                0x00005878                _ZN7TwoWire5beginEv
 .text._ZN7TwoWire8setClockEm
                0x0000589c        0x8 C:\Users\p42164\ONEDRI~1\DISSDA~1\MEDUSA~1\Code\IMPEDA~2\EIT_AR~1\ARDUIN~1\Debug\libArduinoCore.a(Wire.o)
                0x0000589c                _ZN7TwoWire8setClockEm
 .text._ZN7TwoWire17beginTransmissionEh
                0x000058a4       0x14 C:\Users\p42164\ONEDRI~1\DISSDA~1\MEDUSA~1\Code\IMPEDA~2\EIT_AR~1\ARDUIN~1\Debug\libArduinoCore.a(Wire.o)
                0x000058a4                _ZN7TwoWire17beginTransmissionEh
 .text._ZN7TwoWire17beginTransmissionEi
                0x000058b8        0x4 C:\Users\p42164\ONEDRI~1\DISSDA~1\MEDUSA~1\Code\IMPEDA~2\EIT_AR~1\ARDUIN~1\Debug\libArduinoCore.a(Wire.o)
                0x000058b8                _ZN7TwoWire17beginTransmissionEi
 .text._ZN7TwoWire15endTransmissionEh
                0x000058bc       0x26 C:\Users\p42164\ONEDRI~1\DISSDA~1\MEDUSA~1\Code\IMPEDA~2\EIT_AR~1\ARDUIN~1\Debug\libArduinoCore.a(Wire.o)
                0x000058bc                _ZN7TwoWire15endTransmissionEh
 .text._ZN7TwoWire11requestFromEhhmhh
                0x000058e2       0xa8 C:\Users\p42164\ONEDRI~1\DISSDA~1\MEDUSA~1\Code\IMPEDA~2\EIT_AR~1\ARDUIN~1\Debug\libArduinoCore.a(Wire.o)
                0x000058e2                _ZN7TwoWire11requestFromEhhmhh
 .text._ZN7TwoWire11requestFromEhhh
                0x0000598a       0x20 C:\Users\p42164\ONEDRI~1\DISSDA~1\MEDUSA~1\Code\IMPEDA~2\EIT_AR~1\ARDUIN~1\Debug\libArduinoCore.a(Wire.o)
                0x0000598a                _ZN7TwoWire11requestFromEhhh
 .text._ZN7TwoWire11requestFromEii
                0x000059aa        0x6 C:\Users\p42164\ONEDRI~1\DISSDA~1\MEDUSA~1\Code\IMPEDA~2\EIT_AR~1\ARDUIN~1\Debug\libArduinoCore.a(Wire.o)
                0x000059aa                _ZN7TwoWire11requestFromEii
 .text._ZN7TwoWire15endTransmissionEv
                0x000059b0        0x6 C:\Users\p42164\ONEDRI~1\DISSDA~1\MEDUSA~1\Code\IMPEDA~2\EIT_AR~1\ARDUIN~1\Debug\libArduinoCore.a(Wire.o)
                0x000059b0                _ZN7TwoWire15endTransmissionEv
 .text.startup._GLOBAL__sub_I__ZN7TwoWire8rxBufferE
                0x000059b6        0x8 C:\Users\p42164\ONEDRI~1\DISSDA~1\MEDUSA~1\Code\IMPEDA~2\EIT_AR~1\ARDUIN~1\Debug\libArduinoCore.a(Wire.o)
 .text.__empty  0x000059be        0x2 C:\Users\p42164\ONEDRI~1\DISSDA~1\MEDUSA~1\Code\IMPEDA~2\EIT_AR~1\ARDUIN~1\Debug\libArduinoCore.a(hooks.o)
                0x000059be                yield
 .text._ZN13PluggableUSB_12getInterfaceEPh
                0x000059c0       0x52 C:\Users\p42164\ONEDRI~1\DISSDA~1\MEDUSA~1\Code\IMPEDA~2\EIT_AR~1\ARDUIN~1\Debug\libArduinoCore.a(PluggableUSB.o)
                0x000059c0                _ZN13PluggableUSB_12getInterfaceEPh
 .text._ZN13PluggableUSB_13getDescriptorER8USBSetup
                0x00005a12       0x3e C:\Users\p42164\ONEDRI~1\DISSDA~1\MEDUSA~1\Code\IMPEDA~2\EIT_AR~1\ARDUIN~1\Debug\libArduinoCore.a(PluggableUSB.o)
                0x00005a12                _ZN13PluggableUSB_13getDescriptorER8USBSetup
 .text._ZN13PluggableUSB_12getShortNameEPc
                0x00005a50       0x3e C:\Users\p42164\ONEDRI~1\DISSDA~1\MEDUSA~1\Code\IMPEDA~2\EIT_AR~1\ARDUIN~1\Debug\libArduinoCore.a(PluggableUSB.o)
                0x00005a50                _ZN13PluggableUSB_12getShortNameEPc
 .text._ZN13PluggableUSB_5setupER8USBSetup
                0x00005a8e       0x3c C:\Users\p42164\ONEDRI~1\DISSDA~1\MEDUSA~1\Code\IMPEDA~2\EIT_AR~1\ARDUIN~1\Debug\libArduinoCore.a(PluggableUSB.o)
                0x00005a8e                _ZN13PluggableUSB_5setupER8USBSetup
 .text._Z12PluggableUSBv
                0x00005aca       0x28 C:\Users\p42164\ONEDRI~1\DISSDA~1\MEDUSA~1\Code\IMPEDA~2\EIT_AR~1\ARDUIN~1\Debug\libArduinoCore.a(PluggableUSB.o)
                0x00005aca                _Z12PluggableUSBv
 .text.twi_init
                0x00005af2       0x3c C:\Users\p42164\ONEDRI~1\DISSDA~1\MEDUSA~1\Code\IMPEDA~2\EIT_AR~1\ARDUIN~1\Debug\libArduinoCore.a(twi.o)
                0x00005af2                twi_init
 .text.twi_disable
                0x00005b2e       0x1a C:\Users\p42164\ONEDRI~1\DISSDA~1\MEDUSA~1\Code\IMPEDA~2\EIT_AR~1\ARDUIN~1\Debug\libArduinoCore.a(twi.o)
                0x00005b2e                twi_disable
 .text.twi_setFrequency
                0x00005b48       0x28 C:\Users\p42164\ONEDRI~1\DISSDA~1\MEDUSA~1\Code\IMPEDA~2\EIT_AR~1\ARDUIN~1\Debug\libArduinoCore.a(twi.o)
                0x00005b48                twi_setFrequency
 .text.twi_transmit
                0x00005b70       0x50 C:\Users\p42164\ONEDRI~1\DISSDA~1\MEDUSA~1\Code\IMPEDA~2\EIT_AR~1\ARDUIN~1\Debug\libArduinoCore.a(twi.o)
                0x00005b70                twi_transmit
 .text.twi_attachSlaveRxEvent
                0x00005bc0        0xa C:\Users\p42164\ONEDRI~1\DISSDA~1\MEDUSA~1\Code\IMPEDA~2\EIT_AR~1\ARDUIN~1\Debug\libArduinoCore.a(twi.o)
                0x00005bc0                twi_attachSlaveRxEvent
 .text.twi_attachSlaveTxEvent
                0x00005bca        0xa C:\Users\p42164\ONEDRI~1\DISSDA~1\MEDUSA~1\Code\IMPEDA~2\EIT_AR~1\ARDUIN~1\Debug\libArduinoCore.a(twi.o)
                0x00005bca                twi_attachSlaveTxEvent
 .text.twi_releaseBus
                0x00005bd4        0xc C:\Users\p42164\ONEDRI~1\DISSDA~1\MEDUSA~1\Code\IMPEDA~2\EIT_AR~1\ARDUIN~1\Debug\libArduinoCore.a(twi.o)
                0x00005bd4                twi_releaseBus
 .text.twi_handleTimeout
                0x00005be0       0x2c C:\Users\p42164\ONEDRI~1\DISSDA~1\MEDUSA~1\Code\IMPEDA~2\EIT_AR~1\ARDUIN~1\Debug\libArduinoCore.a(twi.o)
                0x00005be0                twi_handleTimeout
 .text.twi_readFrom
                0x00005c0c      0x1d2 C:\Users\p42164\ONEDRI~1\DISSDA~1\MEDUSA~1\Code\IMPEDA~2\EIT_AR~1\ARDUIN~1\Debug\libArduinoCore.a(twi.o)
                0x00005c0c                twi_readFrom
 .text.twi_writeTo
                0x00005dde      0x1e0 C:\Users\p42164\ONEDRI~1\DISSDA~1\MEDUSA~1\Code\IMPEDA~2\EIT_AR~1\ARDUIN~1\Debug\libArduinoCore.a(twi.o)
                0x00005dde                twi_writeTo
 .text.twi_stop
                0x00005fbe       0x70 C:\Users\p42164\ONEDRI~1\DISSDA~1\MEDUSA~1\Code\IMPEDA~2\EIT_AR~1\ARDUIN~1\Debug\libArduinoCore.a(twi.o)
                0x00005fbe                twi_stop
 .text.__vector_36
                0x0000602e      0x25a C:\Users\p42164\ONEDRI~1\DISSDA~1\MEDUSA~1\Code\IMPEDA~2\EIT_AR~1\ARDUIN~1\Debug\libArduinoCore.a(twi.o)
                0x0000602e                __vector_36
 .text.avr-libc.fplib
                0x00006288        0xa c:/program files (x86)/atmel/studio/7.0/toolchain/avr8/avr8-gnu-toolchain/bin/../lib/gcc/avr/5.4.0/../../../../avr/lib/avr5\libm.a(gesf2.o)
                0x00006288                __gesf2
                0x00006288                __gtsf2
 .text.avr-libc.fplib
                0x00006292        0xa c:/program files (x86)/atmel/studio/7.0/toolchain/avr8/avr8-gnu-toolchain/bin/../lib/gcc/avr/5.4.0/../../../../avr/lib/avr5\libm.a(unordsf2.o)
                0x00006292                __unordsf2
 .text.libgcc.div
                0x0000629c       0x28 c:/program files (x86)/atmel/studio/7.0/toolchain/avr8/avr8-gnu-toolchain/bin/../lib/gcc/avr/5.4.0/avr5\libgcc.a(_divmodhi4.o)
                0x0000629c                _div
                0x0000629c                __divmodhi4
 .text.libgcc.div
                0x000062c4       0x44 c:/program files (x86)/atmel/studio/7.0/toolchain/avr8/avr8-gnu-toolchain/bin/../lib/gcc/avr/5.4.0/avr5\libgcc.a(_udivmodsi4.o)
                0x000062c4                __udivmodsi4
 .text.libgcc   0x00006308        0xc c:/program files (x86)/atmel/studio/7.0/toolchain/avr8/avr8-gnu-toolchain/bin/../lib/gcc/avr/5.4.0/avr5\libgcc.a(_tablejump2.o)
                0x00006308                __tablejump2__
 .text.libgcc.mul
                0x00006314        0xe c:/program files (x86)/atmel/studio/7.0/toolchain/avr8/avr8-gnu-toolchain/bin/../lib/gcc/avr/5.4.0/avr5\libgcc.a(_usmulhisi3.o)
                0x00006314                __usmulhisi3
                0x00006318                __usmulhisi3_tail
 .text.libgcc.div
                0x00006322       0x28 c:/program files (x86)/atmel/studio/7.0/toolchain/avr8/avr8-gnu-toolchain/bin/../lib/gcc/avr/5.4.0/avr5\libgcc.a(_udivmodhi4.o)
                0x00006322                __udivmodhi4
 .text.libgcc.mul
                0x0000634a       0x1e c:/program files (x86)/atmel/studio/7.0/toolchain/avr8/avr8-gnu-toolchain/bin/../lib/gcc/avr/5.4.0/avr5\libgcc.a(_umulhisi3.o)
                0x0000634a                __umulhisi3
 .text.avr-libc
                0x00006368      0x242 c:/program files (x86)/atmel/studio/7.0/toolchain/avr8/avr8-gnu-toolchain/bin/../lib/gcc/avr/5.4.0/../../../../avr/lib/avr5\libc.a(malloc.o)
                0x00006368                malloc
                0x00006498                free
 .text.avr-libc
                0x000065aa       0x10 C:/Program Files (x86)/Atmel/Studio/7.0/Packs/atmel/ATmega_DFP/1.6.364/gcc/dev/atmega32u4/avr5\libatmega32u4.a(eerd_byte.o)
                0x000065aa                eeprom_read_byte
 .text.avr-libc
                0x000065ba       0x1c C:/Program Files (x86)/Atmel/Studio/7.0/Packs/atmel/ATmega_DFP/1.6.364/gcc/dev/atmega32u4/avr5\libatmega32u4.a(eewr_byte.o)
                0x000065ba                eeprom_write_byte
                0x000065bc                eeprom_write_r18
                0x000065d6                . = ALIGN (0x2)
 *(.fini9)
 .fini9         0x000065d6        0x0 c:/program files (x86)/atmel/studio/7.0/toolchain/avr8/avr8-gnu-toolchain/bin/../lib/gcc/avr/5.4.0/avr5\libgcc.a(_exit.o)
                0x000065d6                _exit
                0x000065d6                exit
 *(.fini9)
 *(.fini8)
 *(.fini8)
 *(.fini7)
 *(.fini7)
 *(.fini6)
 *(.fini6)
 *(.fini5)
 *(.fini5)
 *(.fini4)
 *(.fini4)
 *(.fini3)
 *(.fini3)
 *(.fini2)
 *(.fini2)
 *(.fini1)
 *(.fini1)
 *(.fini0)
 .fini0         0x000065d6        0x4 c:/program files (x86)/atmel/studio/7.0/toolchain/avr8/avr8-gnu-toolchain/bin/../lib/gcc/avr/5.4.0/avr5\libgcc.a(_exit.o)
 *(.fini0)
                0x000065da                _etext = .

.data           0x00800100       0x94 load address 0x000065da
                0x00800100                PROVIDE (__data_start, .)
 *(.data)
 .data          0x00800100        0x6 c:/program files (x86)/atmel/studio/7.0/toolchain/avr8/avr8-gnu-toolchain/bin/../lib/gcc/avr/5.4.0/../../../../avr/lib/avr5\libc.a(malloc.o)
                0x00800100                __malloc_heap_end
                0x00800102                __malloc_heap_start
                0x00800104                __malloc_margin
 *(.data*)
 .data.incomingByte
                0x00800106        0x1 Sketch.o
                0x00800106                incomingByte
 .data._ZL10breakValue
                0x00800107        0x4 C:\Users\p42164\ONEDRI~1\DISSDA~1\MEDUSA~1\Code\IMPEDA~2\EIT_AR~1\ARDUIN~1\Debug\libArduinoCore.a(CDC.o)
 .data._ZL12_usbLineInfo
                0x0080010b        0x8 C:\Users\p42164\ONEDRI~1\DISSDA~1\MEDUSA~1\Code\IMPEDA~2\EIT_AR~1\ARDUIN~1\Debug\libArduinoCore.a(CDC.o)
 .data._initEndpoints
                0x00800113        0x7 C:\Users\p42164\ONEDRI~1\DISSDA~1\MEDUSA~1\Code\IMPEDA~2\EIT_AR~1\ARDUIN~1\Debug\libArduinoCore.a(USBCore.o)
                0x00800113                _initEndpoints
 *(.gnu.linkonce.d*)
 *(.rodata)
 .rodata        0x0080011a       0x20 HardwareLib/MUX16_CIRCUIT.o
 *(.rodata*)
 .rodata.str1.1
                0x0080013a        0xf HardwareLib/ImpedanceMultiSensingCircuit.o
 .rodata.str1.1
                0x00800149       0x18 HardwareLib/MCP23017.o
 .rodata._ZTV7Serial_
                0x00800161       0x12 C:\Users\p42164\ONEDRI~1\DISSDA~1\MEDUSA~1\Code\IMPEDA~2\EIT_AR~1\ARDUIN~1\Debug\libArduinoCore.a(CDC.o)
                0x00800161                _ZTV7Serial_
 .rodata.str1.1
                0x00800173        0xf C:\Users\p42164\ONEDRI~1\DISSDA~1\MEDUSA~1\Code\IMPEDA~2\EIT_AR~1\ARDUIN~1\Debug\libArduinoCore.a(Print.o)
 .rodata._ZTV7TwoWire
                0x00800182       0x12 C:\Users\p42164\ONEDRI~1\DISSDA~1\MEDUSA~1\Code\IMPEDA~2\EIT_AR~1\ARDUIN~1\Debug\libArduinoCore.a(Wire.o)
                0x00800182                _ZTV7TwoWire
 *(.gnu.linkonce.r*)
                0x00800194                . = ALIGN (0x2)
                0x00800194                _edata = .
                0x00800194                PROVIDE (__data_end, .)

.bss            0x00800194      0x141
                0x00800194                PROVIDE (__bss_start, .)
 *(.bss)
 *(.bss*)
 .bss.eitModule
                0x00800194        0x2 Sketch.o
                0x00800194                eitModule
 .bss.voltageMeasureLeakageCorrection
                0x00800196        0x1 Sketch.o
                0x00800196                voltageMeasureLeakageCorrection
 .bss.Serial    0x00800197       0x50 C:\Users\p42164\ONEDRI~1\DISSDA~1\MEDUSA~1\Code\IMPEDA~2\EIT_AR~1\ARDUIN~1\Debug\libArduinoCore.a(CDC.o)
                0x00800197                Serial
 .bss._ZL11wdtcsr_save
                0x008001e7        0x1 C:\Users\p42164\ONEDRI~1\DISSDA~1\MEDUSA~1\Code\IMPEDA~2\EIT_AR~1\ARDUIN~1\Debug\libArduinoCore.a(CDC.o)
 .bss.USBDevice
                0x008001e8        0x1 C:\Users\p42164\ONEDRI~1\DISSDA~1\MEDUSA~1\Code\IMPEDA~2\EIT_AR~1\ARDUIN~1\Debug\libArduinoCore.a(USBCore.o)
                0x008001e8                USBDevice
 .bss._ZL5_cend
                0x008001e9        0x2 C:\Users\p42164\ONEDRI~1\DISSDA~1\MEDUSA~1\Code\IMPEDA~2\EIT_AR~1\ARDUIN~1\Debug\libArduinoCore.a(USBCore.o)
 .bss._ZL6_cmark
                0x008001eb        0x2 C:\Users\p42164\ONEDRI~1\DISSDA~1\MEDUSA~1\Code\IMPEDA~2\EIT_AR~1\ARDUIN~1\Debug\libArduinoCore.a(USBCore.o)
 .bss._usbSuspendState
                0x008001ed        0x1 C:\Users\p42164\ONEDRI~1\DISSDA~1\MEDUSA~1\Code\IMPEDA~2\EIT_AR~1\ARDUIN~1\Debug\libArduinoCore.a(USBCore.o)
                0x008001ed                _usbSuspendState
 .bss._usbCurrentStatus
                0x008001ee        0x1 C:\Users\p42164\ONEDRI~1\DISSDA~1\MEDUSA~1\Code\IMPEDA~2\EIT_AR~1\ARDUIN~1\Debug\libArduinoCore.a(USBCore.o)
                0x008001ee                _usbCurrentStatus
 .bss._usbConfiguration
                0x008001ef        0x1 C:\Users\p42164\ONEDRI~1\DISSDA~1\MEDUSA~1\Code\IMPEDA~2\EIT_AR~1\ARDUIN~1\Debug\libArduinoCore.a(USBCore.o)
                0x008001ef                _usbConfiguration
 .bss.RxLEDPulse
                0x008001f0        0x1 C:\Users\p42164\ONEDRI~1\DISSDA~1\MEDUSA~1\Code\IMPEDA~2\EIT_AR~1\ARDUIN~1\Debug\libArduinoCore.a(USBCore.o)
                0x008001f0                RxLEDPulse
 .bss.TxLEDPulse
                0x008001f1        0x1 C:\Users\p42164\ONEDRI~1\DISSDA~1\MEDUSA~1\Code\IMPEDA~2\EIT_AR~1\ARDUIN~1\Debug\libArduinoCore.a(USBCore.o)
                0x008001f1                TxLEDPulse
 .bss.timer0_fract
                0x008001f2        0x1 C:\Users\p42164\ONEDRI~1\DISSDA~1\MEDUSA~1\Code\IMPEDA~2\EIT_AR~1\ARDUIN~1\Debug\libArduinoCore.a(wiring.o)
 .bss.timer0_millis
                0x008001f3        0x4 C:\Users\p42164\ONEDRI~1\DISSDA~1\MEDUSA~1\Code\IMPEDA~2\EIT_AR~1\ARDUIN~1\Debug\libArduinoCore.a(wiring.o)
                0x008001f3                timer0_millis
 .bss.timer0_overflow_count
                0x008001f7        0x4 C:\Users\p42164\ONEDRI~1\DISSDA~1\MEDUSA~1\Code\IMPEDA~2\EIT_AR~1\ARDUIN~1\Debug\libArduinoCore.a(wiring.o)
                0x008001f7                timer0_overflow_count
 .bss.Wire      0x008001fb        0xc C:\Users\p42164\ONEDRI~1\DISSDA~1\MEDUSA~1\Code\IMPEDA~2\EIT_AR~1\ARDUIN~1\Debug\libArduinoCore.a(Wire.o)
                0x008001fb                Wire
 .bss._ZN7TwoWire14user_onReceiveE
                0x00800207        0x2 C:\Users\p42164\ONEDRI~1\DISSDA~1\MEDUSA~1\Code\IMPEDA~2\EIT_AR~1\ARDUIN~1\Debug\libArduinoCore.a(Wire.o)
                0x00800207                _ZN7TwoWire14user_onReceiveE
 .bss._ZN7TwoWire14user_onRequestE
                0x00800209        0x2 C:\Users\p42164\ONEDRI~1\DISSDA~1\MEDUSA~1\Code\IMPEDA~2\EIT_AR~1\ARDUIN~1\Debug\libArduinoCore.a(Wire.o)
                0x00800209                _ZN7TwoWire14user_onRequestE
 .bss._ZN7TwoWire12transmittingE
                0x0080020b        0x1 C:\Users\p42164\ONEDRI~1\DISSDA~1\MEDUSA~1\Code\IMPEDA~2\EIT_AR~1\ARDUIN~1\Debug\libArduinoCore.a(Wire.o)
                0x0080020b                _ZN7TwoWire12transmittingE
 .bss._ZN7TwoWire14txBufferLengthE
                0x0080020c        0x1 C:\Users\p42164\ONEDRI~1\DISSDA~1\MEDUSA~1\Code\IMPEDA~2\EIT_AR~1\ARDUIN~1\Debug\libArduinoCore.a(Wire.o)
                0x0080020c                _ZN7TwoWire14txBufferLengthE
 .bss._ZN7TwoWire13txBufferIndexE
                0x0080020d        0x1 C:\Users\p42164\ONEDRI~1\DISSDA~1\MEDUSA~1\Code\IMPEDA~2\EIT_AR~1\ARDUIN~1\Debug\libArduinoCore.a(Wire.o)
                0x0080020d                _ZN7TwoWire13txBufferIndexE
 .bss._ZN7TwoWire8txBufferE
                0x0080020e       0x20 C:\Users\p42164\ONEDRI~1\DISSDA~1\MEDUSA~1\Code\IMPEDA~2\EIT_AR~1\ARDUIN~1\Debug\libArduinoCore.a(Wire.o)
                0x0080020e                _ZN7TwoWire8txBufferE
 .bss._ZN7TwoWire9txAddressE
                0x0080022e        0x1 C:\Users\p42164\ONEDRI~1\DISSDA~1\MEDUSA~1\Code\IMPEDA~2\EIT_AR~1\ARDUIN~1\Debug\libArduinoCore.a(Wire.o)
                0x0080022e                _ZN7TwoWire9txAddressE
 .bss._ZN7TwoWire14rxBufferLengthE
                0x0080022f        0x1 C:\Users\p42164\ONEDRI~1\DISSDA~1\MEDUSA~1\Code\IMPEDA~2\EIT_AR~1\ARDUIN~1\Debug\libArduinoCore.a(Wire.o)
                0x0080022f                _ZN7TwoWire14rxBufferLengthE
 .bss._ZN7TwoWire13rxBufferIndexE
                0x00800230        0x1 C:\Users\p42164\ONEDRI~1\DISSDA~1\MEDUSA~1\Code\IMPEDA~2\EIT_AR~1\ARDUIN~1\Debug\libArduinoCore.a(Wire.o)
                0x00800230                _ZN7TwoWire13rxBufferIndexE
 .bss._ZN7TwoWire8rxBufferE
                0x00800231       0x20 C:\Users\p42164\ONEDRI~1\DISSDA~1\MEDUSA~1\Code\IMPEDA~2\EIT_AR~1\ARDUIN~1\Debug\libArduinoCore.a(Wire.o)
                0x00800231                _ZN7TwoWire8rxBufferE
 .bss._ZZ12PluggableUSBvE3obj
                0x00800251        0x4 C:\Users\p42164\ONEDRI~1\DISSDA~1\MEDUSA~1\Code\IMPEDA~2\EIT_AR~1\ARDUIN~1\Debug\libArduinoCore.a(PluggableUSB.o)
 .bss._ZGVZ12PluggableUSBvE3obj
                0x00800255        0x8 C:\Users\p42164\ONEDRI~1\DISSDA~1\MEDUSA~1\Code\IMPEDA~2\EIT_AR~1\ARDUIN~1\Debug\libArduinoCore.a(PluggableUSB.o)
 .bss.twi_error
                0x0080025d        0x1 C:\Users\p42164\ONEDRI~1\DISSDA~1\MEDUSA~1\Code\IMPEDA~2\EIT_AR~1\ARDUIN~1\Debug\libArduinoCore.a(twi.o)
 .bss.twi_rxBufferIndex
                0x0080025e        0x1 C:\Users\p42164\ONEDRI~1\DISSDA~1\MEDUSA~1\Code\IMPEDA~2\EIT_AR~1\ARDUIN~1\Debug\libArduinoCore.a(twi.o)
 .bss.twi_rxBuffer
                0x0080025f       0x20 C:\Users\p42164\ONEDRI~1\DISSDA~1\MEDUSA~1\Code\IMPEDA~2\EIT_AR~1\ARDUIN~1\Debug\libArduinoCore.a(twi.o)
 .bss.twi_txBufferLength
                0x0080027f        0x1 C:\Users\p42164\ONEDRI~1\DISSDA~1\MEDUSA~1\Code\IMPEDA~2\EIT_AR~1\ARDUIN~1\Debug\libArduinoCore.a(twi.o)
 .bss.twi_txBufferIndex
                0x00800280        0x1 C:\Users\p42164\ONEDRI~1\DISSDA~1\MEDUSA~1\Code\IMPEDA~2\EIT_AR~1\ARDUIN~1\Debug\libArduinoCore.a(twi.o)
 .bss.twi_txBuffer
                0x00800281       0x20 C:\Users\p42164\ONEDRI~1\DISSDA~1\MEDUSA~1\Code\IMPEDA~2\EIT_AR~1\ARDUIN~1\Debug\libArduinoCore.a(twi.o)
 .bss.twi_masterBufferLength
                0x008002a1        0x1 C:\Users\p42164\ONEDRI~1\DISSDA~1\MEDUSA~1\Code\IMPEDA~2\EIT_AR~1\ARDUIN~1\Debug\libArduinoCore.a(twi.o)
 .bss.twi_masterBufferIndex
                0x008002a2        0x1 C:\Users\p42164\ONEDRI~1\DISSDA~1\MEDUSA~1\Code\IMPEDA~2\EIT_AR~1\ARDUIN~1\Debug\libArduinoCore.a(twi.o)
 .bss.twi_masterBuffer
                0x008002a3       0x20 C:\Users\p42164\ONEDRI~1\DISSDA~1\MEDUSA~1\Code\IMPEDA~2\EIT_AR~1\ARDUIN~1\Debug\libArduinoCore.a(twi.o)
 .bss.twi_onSlaveReceive
                0x008002c3        0x2 C:\Users\p42164\ONEDRI~1\DISSDA~1\MEDUSA~1\Code\IMPEDA~2\EIT_AR~1\ARDUIN~1\Debug\libArduinoCore.a(twi.o)
 .bss.twi_onSlaveTransmit
                0x008002c5        0x2 C:\Users\p42164\ONEDRI~1\DISSDA~1\MEDUSA~1\Code\IMPEDA~2\EIT_AR~1\ARDUIN~1\Debug\libArduinoCore.a(twi.o)
 .bss.twi_do_reset_on_timeout
                0x008002c7        0x1 C:\Users\p42164\ONEDRI~1\DISSDA~1\MEDUSA~1\Code\IMPEDA~2\EIT_AR~1\ARDUIN~1\Debug\libArduinoCore.a(twi.o)
 .bss.twi_timed_out_flag
                0x008002c8        0x1 C:\Users\p42164\ONEDRI~1\DISSDA~1\MEDUSA~1\Code\IMPEDA~2\EIT_AR~1\ARDUIN~1\Debug\libArduinoCore.a(twi.o)
 .bss.twi_timeout_us
                0x008002c9        0x4 C:\Users\p42164\ONEDRI~1\DISSDA~1\MEDUSA~1\Code\IMPEDA~2\EIT_AR~1\ARDUIN~1\Debug\libArduinoCore.a(twi.o)
 .bss.twi_inRepStart
                0x008002cd        0x1 C:\Users\p42164\ONEDRI~1\DISSDA~1\MEDUSA~1\Code\IMPEDA~2\EIT_AR~1\ARDUIN~1\Debug\libArduinoCore.a(twi.o)
 .bss.twi_sendStop
                0x008002ce        0x1 C:\Users\p42164\ONEDRI~1\DISSDA~1\MEDUSA~1\Code\IMPEDA~2\EIT_AR~1\ARDUIN~1\Debug\libArduinoCore.a(twi.o)
 .bss.twi_slarw
                0x008002cf        0x1 C:\Users\p42164\ONEDRI~1\DISSDA~1\MEDUSA~1\Code\IMPEDA~2\EIT_AR~1\ARDUIN~1\Debug\libArduinoCore.a(twi.o)
 .bss.twi_state
                0x008002d0        0x1 C:\Users\p42164\ONEDRI~1\DISSDA~1\MEDUSA~1\Code\IMPEDA~2\EIT_AR~1\ARDUIN~1\Debug\libArduinoCore.a(twi.o)
 *(COMMON)
 COMMON         0x008002d1        0x4 c:/program files (x86)/atmel/studio/7.0/toolchain/avr8/avr8-gnu-toolchain/bin/../lib/gcc/avr/5.4.0/../../../../avr/lib/avr5\libc.a(malloc.o)
                0x008002d1                __brkval
                0x008002d3                __flp
                0x008002d5                PROVIDE (__bss_end, .)
                0x000065da                __data_load_start = LOADADDR (.data)
                0x0000666e                __data_load_end = (__data_load_start + SIZEOF (.data))

.noinit         0x008002d5        0x0
                [!provide]                PROVIDE (__noinit_start, .)
 *(.noinit*)
                [!provide]                PROVIDE (__noinit_end, .)
                0x008002d5                _end = .
                0x008002d5                PROVIDE (__heap_start, .)

.eeprom         0x00810000        0x0
 *(.eeprom*)
                0x00810000                __eeprom_end = .

.fuse
 *(.fuse)
 *(.lfuse)
 *(.hfuse)
 *(.efuse)

.lock
 *(.lock*)

.signature
 *(.signature*)

.user_signatures
 *(.user_signatures*)

.stab
 *(.stab)

.stabstr
 *(.stabstr)

.stab.excl
 *(.stab.excl)

.stab.exclstr
 *(.stab.exclstr)

.stab.index
 *(.stab.index)

.stab.indexstr
 *(.stab.indexstr)

.comment        0x00000000       0x30
 *(.comment)
 .comment       0x00000000       0x30 HardwareLib/AD5933s.o
                                 0x31 (size before relaxing)
 .comment       0x00000030       0x31 HardwareLib/ADG1606.o
 .comment       0x00000030       0x31 HardwareLib/ImpedanceMultiSensingCircuit.o
 .comment       0x00000030       0x31 HardwareLib/MCP23017.o
 .comment       0x00000030       0x31 HardwareLib/MUX16_CIRCUIT.o
 .comment       0x00000030       0x31 Sketch.o
 .comment       0x00000030       0x31 C:\Users\p42164\ONEDRI~1\DISSDA~1\MEDUSA~1\Code\IMPEDA~2\EIT_AR~1\ARDUIN~1\Debug\libArduinoCore.a(CDC.o)
 .comment       0x00000030       0x31 C:\Users\p42164\ONEDRI~1\DISSDA~1\MEDUSA~1\Code\IMPEDA~2\EIT_AR~1\ARDUIN~1\Debug\libArduinoCore.a(main.o)
 .comment       0x00000030       0x31 C:\Users\p42164\ONEDRI~1\DISSDA~1\MEDUSA~1\Code\IMPEDA~2\EIT_AR~1\ARDUIN~1\Debug\libArduinoCore.a(new.o)
 .comment       0x00000030       0x31 C:\Users\p42164\ONEDRI~1\DISSDA~1\MEDUSA~1\Code\IMPEDA~2\EIT_AR~1\ARDUIN~1\Debug\libArduinoCore.a(Print.o)
 .comment       0x00000030       0x31 C:\Users\p42164\ONEDRI~1\DISSDA~1\MEDUSA~1\Code\IMPEDA~2\EIT_AR~1\ARDUIN~1\Debug\libArduinoCore.a(USBCore.o)
 .comment       0x00000030       0x31 C:\Users\p42164\ONEDRI~1\DISSDA~1\MEDUSA~1\Code\IMPEDA~2\EIT_AR~1\ARDUIN~1\Debug\libArduinoCore.a(wiring.o)
 .comment       0x00000030       0x31 C:\Users\p42164\ONEDRI~1\DISSDA~1\MEDUSA~1\Code\IMPEDA~2\EIT_AR~1\ARDUIN~1\Debug\libArduinoCore.a(wiring_digital.o)
 .comment       0x00000030       0x31 C:\Users\p42164\ONEDRI~1\DISSDA~1\MEDUSA~1\Code\IMPEDA~2\EIT_AR~1\ARDUIN~1\Debug\libArduinoCore.a(Wire.o)
 .comment       0x00000030       0x31 C:\Users\p42164\ONEDRI~1\DISSDA~1\MEDUSA~1\Code\IMPEDA~2\EIT_AR~1\ARDUIN~1\Debug\libArduinoCore.a(hooks.o)
 .comment       0x00000030       0x31 C:\Users\p42164\ONEDRI~1\DISSDA~1\MEDUSA~1\Code\IMPEDA~2\EIT_AR~1\ARDUIN~1\Debug\libArduinoCore.a(PluggableUSB.o)
 .comment       0x00000030       0x31 C:\Users\p42164\ONEDRI~1\DISSDA~1\MEDUSA~1\Code\IMPEDA~2\EIT_AR~1\ARDUIN~1\Debug\libArduinoCore.a(twi.o)
 .comment       0x00000030       0x31 c:/program files (x86)/atmel/studio/7.0/toolchain/avr8/avr8-gnu-toolchain/bin/../lib/gcc/avr/5.4.0/../../../../avr/lib/avr5\libc.a(malloc.o)

.note.gnu.avr.deviceinfo
                0x00000000       0x40
 .note.gnu.avr.deviceinfo
                0x00000000       0x40 C:/Program Files (x86)/Atmel/Studio/7.0/Packs/atmel/ATmega_DFP/1.6.364/gcc/dev/atmega32u4/avr5/crtatmega32u4.o

.note.gnu.build-id
 *(.note.gnu.build-id)

.debug
 *(.debug)

.line
 *(.line)

.debug_srcinfo
 *(.debug_srcinfo)

.debug_sfnames
 *(.debug_sfnames)

.debug_aranges  0x00000000      0xa18
 *(.debug_aranges)
 .debug_aranges
                0x00000000       0xd8 HardwareLib/AD5933s.o
 .debug_aranges
                0x000000d8       0x50 HardwareLib/ADG1606.o
 .debug_aranges
                0x00000128      0x110 HardwareLib/ImpedanceMultiSensingCircuit.o
 .debug_aranges
                0x00000238       0xb0 HardwareLib/MCP23017.o
 .debug_aranges
                0x000002e8       0x78 HardwareLib/MUX16_CIRCUIT.o
 .debug_aranges
                0x00000360       0xc8 Sketch.o
 .debug_aranges
                0x00000428       0xd8 C:\Users\p42164\ONEDRI~1\DISSDA~1\MEDUSA~1\Code\IMPEDA~2\EIT_AR~1\ARDUIN~1\Debug\libArduinoCore.a(CDC.o)
 .debug_aranges
                0x00000500       0x30 C:\Users\p42164\ONEDRI~1\DISSDA~1\MEDUSA~1\Code\IMPEDA~2\EIT_AR~1\ARDUIN~1\Debug\libArduinoCore.a(main.o)
 .debug_aranges
                0x00000530       0x30 C:\Users\p42164\ONEDRI~1\DISSDA~1\MEDUSA~1\Code\IMPEDA~2\EIT_AR~1\ARDUIN~1\Debug\libArduinoCore.a(new.o)
 .debug_aranges
                0x00000560      0x100 C:\Users\p42164\ONEDRI~1\DISSDA~1\MEDUSA~1\Code\IMPEDA~2\EIT_AR~1\ARDUIN~1\Debug\libArduinoCore.a(Print.o)
 .debug_aranges
                0x00000660       0xe0 C:\Users\p42164\ONEDRI~1\DISSDA~1\MEDUSA~1\Code\IMPEDA~2\EIT_AR~1\ARDUIN~1\Debug\libArduinoCore.a(USBCore.o)
 .debug_aranges
                0x00000740       0x48 C:\Users\p42164\ONEDRI~1\DISSDA~1\MEDUSA~1\Code\IMPEDA~2\EIT_AR~1\ARDUIN~1\Debug\libArduinoCore.a(wiring.o)
 .debug_aranges
                0x00000788       0x38 C:\Users\p42164\ONEDRI~1\DISSDA~1\MEDUSA~1\Code\IMPEDA~2\EIT_AR~1\ARDUIN~1\Debug\libArduinoCore.a(wiring_digital.o)
 .debug_aranges
                0x000007c0      0x110 C:\Users\p42164\ONEDRI~1\DISSDA~1\MEDUSA~1\Code\IMPEDA~2\EIT_AR~1\ARDUIN~1\Debug\libArduinoCore.a(Wire.o)
 .debug_aranges
                0x000008d0       0x20 C:\Users\p42164\ONEDRI~1\DISSDA~1\MEDUSA~1\Code\IMPEDA~2\EIT_AR~1\ARDUIN~1\Debug\libArduinoCore.a(hooks.o)
 .debug_aranges
                0x000008f0       0x50 C:\Users\p42164\ONEDRI~1\DISSDA~1\MEDUSA~1\Code\IMPEDA~2\EIT_AR~1\ARDUIN~1\Debug\libArduinoCore.a(PluggableUSB.o)
 .debug_aranges
                0x00000940       0x98 C:\Users\p42164\ONEDRI~1\DISSDA~1\MEDUSA~1\Code\IMPEDA~2\EIT_AR~1\ARDUIN~1\Debug\libArduinoCore.a(twi.o)
 .debug_aranges
                0x000009d8       0x20 C:/Program Files (x86)/Atmel/Studio/7.0/Packs/atmel/ATmega_DFP/1.6.364/gcc/dev/atmega32u4/avr5\libatmega32u4.a(eerd_byte.o)
 .debug_aranges
                0x000009f8       0x20 C:/Program Files (x86)/Atmel/Studio/7.0/Packs/atmel/ATmega_DFP/1.6.364/gcc/dev/atmega32u4/avr5\libatmega32u4.a(eewr_byte.o)

.debug_pubnames
 *(.debug_pubnames)

.debug_info     0x00000000    0x168c9
 *(.debug_info .gnu.linkonce.wi.*)
 .debug_info    0x00000000      0x9f4 C:/Program Files (x86)/Atmel/Studio/7.0/Packs/atmel/ATmega_DFP/1.6.364/gcc/dev/atmega32u4/avr5/crtatmega32u4.o
 .debug_info    0x000009f4     0x1366 HardwareLib/AD5933s.o
 .debug_info    0x00001d5a      0x947 HardwareLib/ADG1606.o
 .debug_info    0x000026a1     0x3047 HardwareLib/ImpedanceMultiSensingCircuit.o
 .debug_info    0x000056e8     0x11e5 HardwareLib/MCP23017.o
 .debug_info    0x000068cd      0xfdd HardwareLib/MUX16_CIRCUIT.o
 .debug_info    0x000078aa     0x39b8 Sketch.o
 .debug_info    0x0000b262     0x29f0 C:\Users\p42164\ONEDRI~1\DISSDA~1\MEDUSA~1\Code\IMPEDA~2\EIT_AR~1\ARDUIN~1\Debug\libArduinoCore.a(CDC.o)
 .debug_info    0x0000dc52      0x35a C:\Users\p42164\ONEDRI~1\DISSDA~1\MEDUSA~1\Code\IMPEDA~2\EIT_AR~1\ARDUIN~1\Debug\libArduinoCore.a(main.o)
 .debug_info    0x0000dfac      0x15f C:\Users\p42164\ONEDRI~1\DISSDA~1\MEDUSA~1\Code\IMPEDA~2\EIT_AR~1\ARDUIN~1\Debug\libArduinoCore.a(new.o)
 .debug_info    0x0000e10b     0x292d C:\Users\p42164\ONEDRI~1\DISSDA~1\MEDUSA~1\Code\IMPEDA~2\EIT_AR~1\ARDUIN~1\Debug\libArduinoCore.a(Print.o)
 .debug_info    0x00010a38     0x1a3a C:\Users\p42164\ONEDRI~1\DISSDA~1\MEDUSA~1\Code\IMPEDA~2\EIT_AR~1\ARDUIN~1\Debug\libArduinoCore.a(USBCore.o)
 .debug_info    0x00012472      0x2f9 C:\Users\p42164\ONEDRI~1\DISSDA~1\MEDUSA~1\Code\IMPEDA~2\EIT_AR~1\ARDUIN~1\Debug\libArduinoCore.a(wiring.o)
 .debug_info    0x0001276b      0x633 C:\Users\p42164\ONEDRI~1\DISSDA~1\MEDUSA~1\Code\IMPEDA~2\EIT_AR~1\ARDUIN~1\Debug\libArduinoCore.a(wiring_digital.o)
 .debug_info    0x00012d9e     0x2910 C:\Users\p42164\ONEDRI~1\DISSDA~1\MEDUSA~1\Code\IMPEDA~2\EIT_AR~1\ARDUIN~1\Debug\libArduinoCore.a(Wire.o)
 .debug_info    0x000156ae       0x3e C:\Users\p42164\ONEDRI~1\DISSDA~1\MEDUSA~1\Code\IMPEDA~2\EIT_AR~1\ARDUIN~1\Debug\libArduinoCore.a(hooks.o)
 .debug_info    0x000156ec      0x79f C:\Users\p42164\ONEDRI~1\DISSDA~1\MEDUSA~1\Code\IMPEDA~2\EIT_AR~1\ARDUIN~1\Debug\libArduinoCore.a(PluggableUSB.o)
 .debug_info    0x00015e8b      0x90a C:\Users\p42164\ONEDRI~1\DISSDA~1\MEDUSA~1\Code\IMPEDA~2\EIT_AR~1\ARDUIN~1\Debug\libArduinoCore.a(twi.o)
 .debug_info    0x00016795       0x9a C:/Program Files (x86)/Atmel/Studio/7.0/Packs/atmel/ATmega_DFP/1.6.364/gcc/dev/atmega32u4/avr5\libatmega32u4.a(eerd_byte.o)
 .debug_info    0x0001682f       0x9a C:/Program Files (x86)/Atmel/Studio/7.0/Packs/atmel/ATmega_DFP/1.6.364/gcc/dev/atmega32u4/avr5\libatmega32u4.a(eewr_byte.o)

.debug_abbrev   0x00000000     0x42bf
 *(.debug_abbrev)
 .debug_abbrev  0x00000000      0x96a C:/Program Files (x86)/Atmel/Studio/7.0/Packs/atmel/ATmega_DFP/1.6.364/gcc/dev/atmega32u4/avr5/crtatmega32u4.o
 .debug_abbrev  0x0000096a      0x4aa HardwareLib/AD5933s.o
 .debug_abbrev  0x00000e14      0x270 HardwareLib/ADG1606.o
 .debug_abbrev  0x00001084      0x50d HardwareLib/ImpedanceMultiSensingCircuit.o
 .debug_abbrev  0x00001591      0x366 HardwareLib/MCP23017.o
 .debug_abbrev  0x000018f7      0x330 HardwareLib/MUX16_CIRCUIT.o
 .debug_abbrev  0x00001c27      0x58d Sketch.o
 .debug_abbrev  0x000021b4      0x602 C:\Users\p42164\ONEDRI~1\DISSDA~1\MEDUSA~1\Code\IMPEDA~2\EIT_AR~1\ARDUIN~1\Debug\libArduinoCore.a(CDC.o)
 .debug_abbrev  0x000027b6      0x19a C:\Users\p42164\ONEDRI~1\DISSDA~1\MEDUSA~1\Code\IMPEDA~2\EIT_AR~1\ARDUIN~1\Debug\libArduinoCore.a(main.o)
 .debug_abbrev  0x00002950      0x109 C:\Users\p42164\ONEDRI~1\DISSDA~1\MEDUSA~1\Code\IMPEDA~2\EIT_AR~1\ARDUIN~1\Debug\libArduinoCore.a(new.o)
 .debug_abbrev  0x00002a59      0x47a C:\Users\p42164\ONEDRI~1\DISSDA~1\MEDUSA~1\Code\IMPEDA~2\EIT_AR~1\ARDUIN~1\Debug\libArduinoCore.a(Print.o)
 .debug_abbrev  0x00002ed3      0x5e0 C:\Users\p42164\ONEDRI~1\DISSDA~1\MEDUSA~1\Code\IMPEDA~2\EIT_AR~1\ARDUIN~1\Debug\libArduinoCore.a(USBCore.o)
 .debug_abbrev  0x000034b3      0x146 C:\Users\p42164\ONEDRI~1\DISSDA~1\MEDUSA~1\Code\IMPEDA~2\EIT_AR~1\ARDUIN~1\Debug\libArduinoCore.a(wiring.o)
 .debug_abbrev  0x000035f9      0x15a C:\Users\p42164\ONEDRI~1\DISSDA~1\MEDUSA~1\Code\IMPEDA~2\EIT_AR~1\ARDUIN~1\Debug\libArduinoCore.a(wiring_digital.o)
 .debug_abbrev  0x00003753      0x563 C:\Users\p42164\ONEDRI~1\DISSDA~1\MEDUSA~1\Code\IMPEDA~2\EIT_AR~1\ARDUIN~1\Debug\libArduinoCore.a(Wire.o)
 .debug_abbrev  0x00003cb6       0x2a C:\Users\p42164\ONEDRI~1\DISSDA~1\MEDUSA~1\Code\IMPEDA~2\EIT_AR~1\ARDUIN~1\Debug\libArduinoCore.a(hooks.o)
 .debug_abbrev  0x00003ce0      0x2c5 C:\Users\p42164\ONEDRI~1\DISSDA~1\MEDUSA~1\Code\IMPEDA~2\EIT_AR~1\ARDUIN~1\Debug\libArduinoCore.a(PluggableUSB.o)
 .debug_abbrev  0x00003fa5      0x2f2 C:\Users\p42164\ONEDRI~1\DISSDA~1\MEDUSA~1\Code\IMPEDA~2\EIT_AR~1\ARDUIN~1\Debug\libArduinoCore.a(twi.o)
 .debug_abbrev  0x00004297       0x14 C:/Program Files (x86)/Atmel/Studio/7.0/Packs/atmel/ATmega_DFP/1.6.364/gcc/dev/atmega32u4/avr5\libatmega32u4.a(eerd_byte.o)
 .debug_abbrev  0x000042ab       0x14 C:/Program Files (x86)/Atmel/Studio/7.0/Packs/atmel/ATmega_DFP/1.6.364/gcc/dev/atmega32u4/avr5\libatmega32u4.a(eewr_byte.o)

.debug_line     0x00000000     0x65a9
 *(.debug_line .debug_line.* .debug_line_end)
 .debug_line    0x00000000      0x19a C:/Program Files (x86)/Atmel/Studio/7.0/Packs/atmel/ATmega_DFP/1.6.364/gcc/dev/atmega32u4/avr5/crtatmega32u4.o
 .debug_line    0x0000019a      0x88c HardwareLib/AD5933s.o
 .debug_line    0x00000a26      0x289 HardwareLib/ADG1606.o
 .debug_line    0x00000caf      0xedb HardwareLib/ImpedanceMultiSensingCircuit.o
 .debug_line    0x00001b8a      0x6b8 HardwareLib/MCP23017.o
 .debug_line    0x00002242      0x469 HardwareLib/MUX16_CIRCUIT.o
 .debug_line    0x000026ab      0xefb Sketch.o
 .debug_line    0x000035a6      0x68b C:\Users\p42164\ONEDRI~1\DISSDA~1\MEDUSA~1\Code\IMPEDA~2\EIT_AR~1\ARDUIN~1\Debug\libArduinoCore.a(CDC.o)
 .debug_line    0x00003c31      0x177 C:\Users\p42164\ONEDRI~1\DISSDA~1\MEDUSA~1\Code\IMPEDA~2\EIT_AR~1\ARDUIN~1\Debug\libArduinoCore.a(main.o)
 .debug_line    0x00003da8      0x145 C:\Users\p42164\ONEDRI~1\DISSDA~1\MEDUSA~1\Code\IMPEDA~2\EIT_AR~1\ARDUIN~1\Debug\libArduinoCore.a(new.o)
 .debug_line    0x00003eed      0x685 C:\Users\p42164\ONEDRI~1\DISSDA~1\MEDUSA~1\Code\IMPEDA~2\EIT_AR~1\ARDUIN~1\Debug\libArduinoCore.a(Print.o)
 .debug_line    0x00004572      0x9e7 C:\Users\p42164\ONEDRI~1\DISSDA~1\MEDUSA~1\Code\IMPEDA~2\EIT_AR~1\ARDUIN~1\Debug\libArduinoCore.a(USBCore.o)
 .debug_line    0x00004f59      0x2bd C:\Users\p42164\ONEDRI~1\DISSDA~1\MEDUSA~1\Code\IMPEDA~2\EIT_AR~1\ARDUIN~1\Debug\libArduinoCore.a(wiring.o)
 .debug_line    0x00005216      0x26a C:\Users\p42164\ONEDRI~1\DISSDA~1\MEDUSA~1\Code\IMPEDA~2\EIT_AR~1\ARDUIN~1\Debug\libArduinoCore.a(wiring_digital.o)
 .debug_line    0x00005480      0x637 C:\Users\p42164\ONEDRI~1\DISSDA~1\MEDUSA~1\Code\IMPEDA~2\EIT_AR~1\ARDUIN~1\Debug\libArduinoCore.a(Wire.o)
 .debug_line    0x00005ab7       0x41 C:\Users\p42164\ONEDRI~1\DISSDA~1\MEDUSA~1\Code\IMPEDA~2\EIT_AR~1\ARDUIN~1\Debug\libArduinoCore.a(hooks.o)
 .debug_line    0x00005af8      0x2de C:\Users\p42164\ONEDRI~1\DISSDA~1\MEDUSA~1\Code\IMPEDA~2\EIT_AR~1\ARDUIN~1\Debug\libArduinoCore.a(PluggableUSB.o)
 .debug_line    0x00005dd6      0x6bb C:\Users\p42164\ONEDRI~1\DISSDA~1\MEDUSA~1\Code\IMPEDA~2\EIT_AR~1\ARDUIN~1\Debug\libArduinoCore.a(twi.o)
 .debug_line    0x00006491       0x7a C:/Program Files (x86)/Atmel/Studio/7.0/Packs/atmel/ATmega_DFP/1.6.364/gcc/dev/atmega32u4/avr5\libatmega32u4.a(eerd_byte.o)
 .debug_line    0x0000650b       0x9e C:/Program Files (x86)/Atmel/Studio/7.0/Packs/atmel/ATmega_DFP/1.6.364/gcc/dev/atmega32u4/avr5\libatmega32u4.a(eewr_byte.o)

.debug_frame    0x00000000     0x2354
 *(.debug_frame)
 .debug_frame   0x00000000      0x384 HardwareLib/AD5933s.o
 .debug_frame   0x00000384       0xf0 HardwareLib/ADG1606.o
 .debug_frame   0x00000474      0x654 HardwareLib/ImpedanceMultiSensingCircuit.o
 .debug_frame   0x00000ac8      0x238 HardwareLib/MCP23017.o
 .debug_frame   0x00000d00      0x1ac HardwareLib/MUX16_CIRCUIT.o
 .debug_frame   0x00000eac      0x3b8 Sketch.o
 .debug_frame   0x00001264      0x1d8 C:\Users\p42164\ONEDRI~1\DISSDA~1\MEDUSA~1\Code\IMPEDA~2\EIT_AR~1\ARDUIN~1\Debug\libArduinoCore.a(CDC.o)
 .debug_frame   0x0000143c       0x54 C:\Users\p42164\ONEDRI~1\DISSDA~1\MEDUSA~1\Code\IMPEDA~2\EIT_AR~1\ARDUIN~1\Debug\libArduinoCore.a(main.o)
 .debug_frame   0x00001490       0x64 C:\Users\p42164\ONEDRI~1\DISSDA~1\MEDUSA~1\Code\IMPEDA~2\EIT_AR~1\ARDUIN~1\Debug\libArduinoCore.a(new.o)
 .debug_frame   0x000014f4      0x3ac C:\Users\p42164\ONEDRI~1\DISSDA~1\MEDUSA~1\Code\IMPEDA~2\EIT_AR~1\ARDUIN~1\Debug\libArduinoCore.a(Print.o)
 .debug_frame   0x000018a0      0x3ac C:\Users\p42164\ONEDRI~1\DISSDA~1\MEDUSA~1\Code\IMPEDA~2\EIT_AR~1\ARDUIN~1\Debug\libArduinoCore.a(USBCore.o)
 .debug_frame   0x00001c4c       0xc4 C:\Users\p42164\ONEDRI~1\DISSDA~1\MEDUSA~1\Code\IMPEDA~2\EIT_AR~1\ARDUIN~1\Debug\libArduinoCore.a(wiring.o)
 .debug_frame   0x00001d10       0x7c C:\Users\p42164\ONEDRI~1\DISSDA~1\MEDUSA~1\Code\IMPEDA~2\EIT_AR~1\ARDUIN~1\Debug\libArduinoCore.a(wiring_digital.o)
 .debug_frame   0x00001d8c      0x2b0 C:\Users\p42164\ONEDRI~1\DISSDA~1\MEDUSA~1\Code\IMPEDA~2\EIT_AR~1\ARDUIN~1\Debug\libArduinoCore.a(Wire.o)
 .debug_frame   0x0000203c       0x24 C:\Users\p42164\ONEDRI~1\DISSDA~1\MEDUSA~1\Code\IMPEDA~2\EIT_AR~1\ARDUIN~1\Debug\libArduinoCore.a(hooks.o)
 .debug_frame   0x00002060       0xec C:\Users\p42164\ONEDRI~1\DISSDA~1\MEDUSA~1\Code\IMPEDA~2\EIT_AR~1\ARDUIN~1\Debug\libArduinoCore.a(PluggableUSB.o)
 .debug_frame   0x0000214c      0x208 C:\Users\p42164\ONEDRI~1\DISSDA~1\MEDUSA~1\Code\IMPEDA~2\EIT_AR~1\ARDUIN~1\Debug\libArduinoCore.a(twi.o)

.debug_str      0x00000000     0x56b8
 *(.debug_str)
 .debug_str     0x00000000      0x371 C:/Program Files (x86)/Atmel/Studio/7.0/Packs/atmel/ATmega_DFP/1.6.364/gcc/dev/atmega32u4/avr5/crtatmega32u4.o
 .debug_str     0x00000371      0x8b3 HardwareLib/AD5933s.o
                                0x935 (size before relaxing)
 .debug_str     0x00000c24      0x491 HardwareLib/ADG1606.o
                                0x747 (size before relaxing)
 .debug_str     0x000010b5     0x1131 HardwareLib/ImpedanceMultiSensingCircuit.o
                               0x1d15 (size before relaxing)
 .debug_str     0x000021e6       0xe7 HardwareLib/MCP23017.o
                                0x794 (size before relaxing)
 .debug_str     0x000022cd       0xe6 HardwareLib/MUX16_CIRCUIT.o
                                0xbdc (size before relaxing)
 .debug_str     0x000023b3      0x830 Sketch.o
                               0x2291 (size before relaxing)
 .debug_str     0x00002be3     0x161c C:\Users\p42164\ONEDRI~1\DISSDA~1\MEDUSA~1\Code\IMPEDA~2\EIT_AR~1\ARDUIN~1\Debug\libArduinoCore.a(CDC.o)
                               0x1a5a (size before relaxing)
 .debug_str     0x000041ff      0x15c C:\Users\p42164\ONEDRI~1\DISSDA~1\MEDUSA~1\Code\IMPEDA~2\EIT_AR~1\ARDUIN~1\Debug\libArduinoCore.a(main.o)
                                0x3e7 (size before relaxing)
 .debug_str     0x0000435b       0x28 C:\Users\p42164\ONEDRI~1\DISSDA~1\MEDUSA~1\Code\IMPEDA~2\EIT_AR~1\ARDUIN~1\Debug\libArduinoCore.a(new.o)
                                0x210 (size before relaxing)
 .debug_str     0x00004383      0x2ab C:\Users\p42164\ONEDRI~1\DISSDA~1\MEDUSA~1\Code\IMPEDA~2\EIT_AR~1\ARDUIN~1\Debug\libArduinoCore.a(Print.o)
                               0x1273 (size before relaxing)
 .debug_str     0x0000462e      0x689 C:\Users\p42164\ONEDRI~1\DISSDA~1\MEDUSA~1\Code\IMPEDA~2\EIT_AR~1\ARDUIN~1\Debug\libArduinoCore.a(USBCore.o)
                                0xca7 (size before relaxing)
 .debug_str     0x00004cb7      0x13b C:\Users\p42164\ONEDRI~1\DISSDA~1\MEDUSA~1\Code\IMPEDA~2\EIT_AR~1\ARDUIN~1\Debug\libArduinoCore.a(wiring.o)
                                0x27b (size before relaxing)
 .debug_str     0x00004df2       0xcb C:\Users\p42164\ONEDRI~1\DISSDA~1\MEDUSA~1\Code\IMPEDA~2\EIT_AR~1\ARDUIN~1\Debug\libArduinoCore.a(wiring_digital.o)
                                0x2fa (size before relaxing)
 .debug_str     0x00004ebd      0x57c C:\Users\p42164\ONEDRI~1\DISSDA~1\MEDUSA~1\Code\IMPEDA~2\EIT_AR~1\ARDUIN~1\Debug\libArduinoCore.a(Wire.o)
                               0x19d6 (size before relaxing)
 .debug_str     0x00005439       0x1c C:\Users\p42164\ONEDRI~1\DISSDA~1\MEDUSA~1\Code\IMPEDA~2\EIT_AR~1\ARDUIN~1\Debug\libArduinoCore.a(hooks.o)
                                0x170 (size before relaxing)
 .debug_str     0x00005455       0x44 C:\Users\p42164\ONEDRI~1\DISSDA~1\MEDUSA~1\Code\IMPEDA~2\EIT_AR~1\ARDUIN~1\Debug\libArduinoCore.a(PluggableUSB.o)
                                0x5ec (size before relaxing)